Archive member included to satisfy reference by file (symbol)

.\CortexM0\ARM_GCC_541\Debug\Digital_Dimmer.a(LCD.o)
                              .\CortexM0\ARM_GCC_541\Debug\main.o (LCD_PrintString)
.\CortexM0\ARM_GCC_541\Debug\Digital_Dimmer.a(CyLib.o)
                              .\CortexM0\ARM_GCC_541\Debug\cyfitter_cfg.o (CyIntEnable)
.\CortexM0\ARM_GCC_541\Debug\Digital_Dimmer.a(CyLFClk.o)
                              .\CortexM0\ARM_GCC_541\Debug\Digital_Dimmer.a(CyLib.o) (CySysClkWcoEnabled)
.\CortexM0\ARM_GCC_541\Debug\Digital_Dimmer.a(Control.o)
                              .\CortexM0\ARM_GCC_541\Debug\main.o (Control_Write)
.\CortexM0\ARM_GCC_541\Debug\Digital_Dimmer.a(Status.o)
                              .\CortexM0\ARM_GCC_541\Debug\main.o (Status_Read)
.\CortexM0\ARM_GCC_541\Debug\Digital_Dimmer.a(Timer.o)
                              .\CortexM0\ARM_GCC_541\Debug\main.o (Timer_Start)
.\CortexM0\ARM_GCC_541\Debug\Digital_Dimmer.a(Timer_PM.o)
                              .\CortexM0\ARM_GCC_541\Debug\main.o (Timer_Sleep)
.\CortexM0\ARM_GCC_541\Debug\Digital_Dimmer.a(isrTimer.o)
                              .\CortexM0\ARM_GCC_541\Debug\main.o (isrTimer_Disable)
.\CortexM0\ARM_GCC_541\Debug\Digital_Dimmer.a(Dimmer.o)
                              .\CortexM0\ARM_GCC_541\Debug\main.o (Dimmer_Write)
.\CortexM0\ARM_GCC_541\Debug\Digital_Dimmer.a(isrCross.o)
                              .\CortexM0\ARM_GCC_541\Debug\main.o (isrCross_Disable)
.\CortexM0\ARM_GCC_541\Debug\Digital_Dimmer.a(CyBootAsmGnu.o)
                              .\CortexM0\ARM_GCC_541\Debug\Digital_Dimmer.a(CyLib.o) (CyDelayCycles)
.\CortexM0\ARM_GCC_541\Debug\Digital_Dimmer.a(CyFlash.o)
                              .\CortexM0\ARM_GCC_541\Debug\Digital_Dimmer.a(CyLib.o) (CySysFlashSetWaitCycles)
c:/program files (x86)/cypress/psoc creator/4.2/psoc creator/import/gnu/arm/5.4.1/bin/../lib/gcc/arm-none-eabi/5.4.1/armv6-m\libgcc.a(_udivsi3.o)
                              .\CortexM0\ARM_GCC_541\Debug\Digital_Dimmer.a(LCD.o) (__aeabi_uidiv)
c:/program files (x86)/cypress/psoc creator/4.2/psoc creator/import/gnu/arm/5.4.1/bin/../lib/gcc/arm-none-eabi/5.4.1/armv6-m\libgcc.a(_divsi3.o)
                              .\CortexM0\ARM_GCC_541\Debug\Digital_Dimmer.a(CyLFClk.o) (__aeabi_idiv)
c:/program files (x86)/cypress/psoc creator/4.2/psoc creator/import/gnu/arm/5.4.1/bin/../lib/gcc/arm-none-eabi/5.4.1/armv6-m\libgcc.a(_dvmd_tls.o)
                              c:/program files (x86)/cypress/psoc creator/4.2/psoc creator/import/gnu/arm/5.4.1/bin/../lib/gcc/arm-none-eabi/5.4.1/armv6-m\libgcc.a(_udivsi3.o) (__aeabi_idiv0)
c:/program files (x86)/cypress/psoc creator/4.2/psoc creator/import/gnu/arm/5.4.1/bin/../lib/gcc/arm-none-eabi/5.4.1/../../../../arm-none-eabi/lib/armv6-m\libg_nano.a(lib_a-errno.o)
                              .\CortexM0\ARM_GCC_541\Debug\Cm0Start.o (__errno)
c:/program files (x86)/cypress/psoc creator/4.2/psoc creator/import/gnu/arm/5.4.1/bin/../lib/gcc/arm-none-eabi/5.4.1/../../../../arm-none-eabi/lib/armv6-m\libg_nano.a(lib_a-exit.o)
                              c:/program files (x86)/cypress/psoc creator/4.2/psoc creator/import/gnu/arm/5.4.1/bin/../lib/gcc/arm-none-eabi/5.4.1/../../../../arm-none-eabi/lib/armv6-m/crt0.o (exit)
c:/program files (x86)/cypress/psoc creator/4.2/psoc creator/import/gnu/arm/5.4.1/bin/../lib/gcc/arm-none-eabi/5.4.1/../../../../arm-none-eabi/lib/armv6-m\libg_nano.a(lib_a-impure.o)
                              c:/program files (x86)/cypress/psoc creator/4.2/psoc creator/import/gnu/arm/5.4.1/bin/../lib/gcc/arm-none-eabi/5.4.1/../../../../arm-none-eabi/lib/armv6-m\libg_nano.a(lib_a-exit.o) (_global_impure_ptr)
c:/program files (x86)/cypress/psoc creator/4.2/psoc creator/import/gnu/arm/5.4.1/bin/../lib/gcc/arm-none-eabi/5.4.1/../../../../arm-none-eabi/lib/armv6-m\libg_nano.a(lib_a-init.o)
                              c:/program files (x86)/cypress/psoc creator/4.2/psoc creator/import/gnu/arm/5.4.1/bin/../lib/gcc/arm-none-eabi/5.4.1/../../../../arm-none-eabi/lib/armv6-m/crt0.o (__libc_init_array)
c:/program files (x86)/cypress/psoc creator/4.2/psoc creator/import/gnu/arm/5.4.1/bin/../lib/gcc/arm-none-eabi/5.4.1/../../../../arm-none-eabi/lib/armv6-m\libg_nano.a(lib_a-memcpy-stub.o)
                              .\CortexM0\ARM_GCC_541\Debug\Digital_Dimmer.a(CyFlash.o) (memcpy)
c:/program files (x86)/cypress/psoc creator/4.2/psoc creator/import/gnu/arm/5.4.1/bin/../lib/gcc/arm-none-eabi/5.4.1/../../../../arm-none-eabi/lib/armv6-m\libg_nano.a(lib_a-memset.o)
                              c:/program files (x86)/cypress/psoc creator/4.2/psoc creator/import/gnu/arm/5.4.1/bin/../lib/gcc/arm-none-eabi/5.4.1/../../../../arm-none-eabi/lib/armv6-m/crt0.o (memset)

Discarded input sections

 .text          0x00000000        0x0 c:/program files (x86)/cypress/psoc creator/4.2/psoc creator/import/gnu/arm/5.4.1/bin/../lib/gcc/arm-none-eabi/5.4.1/armv6-m/crti.o
 .data          0x00000000        0x0 c:/program files (x86)/cypress/psoc creator/4.2/psoc creator/import/gnu/arm/5.4.1/bin/../lib/gcc/arm-none-eabi/5.4.1/armv6-m/crti.o
 .bss           0x00000000        0x0 c:/program files (x86)/cypress/psoc creator/4.2/psoc creator/import/gnu/arm/5.4.1/bin/../lib/gcc/arm-none-eabi/5.4.1/armv6-m/crti.o
 .data          0x00000000        0x4 c:/program files (x86)/cypress/psoc creator/4.2/psoc creator/import/gnu/arm/5.4.1/bin/../lib/gcc/arm-none-eabi/5.4.1/armv6-m/crtbegin.o
 .text          0x00000000       0x78 c:/program files (x86)/cypress/psoc creator/4.2/psoc creator/import/gnu/arm/5.4.1/bin/../lib/gcc/arm-none-eabi/5.4.1/../../../../arm-none-eabi/lib/armv6-m/crt0.o
 .data          0x00000000        0x0 c:/program files (x86)/cypress/psoc creator/4.2/psoc creator/import/gnu/arm/5.4.1/bin/../lib/gcc/arm-none-eabi/5.4.1/../../../../arm-none-eabi/lib/armv6-m/crt0.o
 .bss           0x00000000        0x0 c:/program files (x86)/cypress/psoc creator/4.2/psoc creator/import/gnu/arm/5.4.1/bin/../lib/gcc/arm-none-eabi/5.4.1/../../../../arm-none-eabi/lib/armv6-m/crt0.o
 .ARM.extab     0x00000000        0x0 c:/program files (x86)/cypress/psoc creator/4.2/psoc creator/import/gnu/arm/5.4.1/bin/../lib/gcc/arm-none-eabi/5.4.1/../../../../arm-none-eabi/lib/armv6-m/crt0.o
 .ARM.exidx     0x00000000        0x8 c:/program files (x86)/cypress/psoc creator/4.2/psoc creator/import/gnu/arm/5.4.1/bin/../lib/gcc/arm-none-eabi/5.4.1/../../../../arm-none-eabi/lib/armv6-m/crt0.o
 .text          0x00000000        0x0 .\CortexM0\ARM_GCC_541\Debug\main.o
 .data          0x00000000        0x0 .\CortexM0\ARM_GCC_541\Debug\main.o
 .text          0x00000000        0x0 .\CortexM0\ARM_GCC_541\Debug\cyfitter_cfg.o
 .data          0x00000000        0x0 .\CortexM0\ARM_GCC_541\Debug\cyfitter_cfg.o
 .bss           0x00000000        0x0 .\CortexM0\ARM_GCC_541\Debug\cyfitter_cfg.o
 .text          0x00000000        0x0 .\CortexM0\ARM_GCC_541\Debug\cymetadata.o
 .data          0x00000000        0x0 .\CortexM0\ARM_GCC_541\Debug\cymetadata.o
 .bss           0x00000000        0x0 .\CortexM0\ARM_GCC_541\Debug\cymetadata.o
 .text          0x00000000        0x0 .\CortexM0\ARM_GCC_541\Debug\Cm0Start.o
 .data          0x00000000        0x4 .\CortexM0\ARM_GCC_541\Debug\Cm0Start.o
 .bss           0x00000000        0x0 .\CortexM0\ARM_GCC_541\Debug\Cm0Start.o
 .text._exit    0x00000000        0xc .\CortexM0\ARM_GCC_541\Debug\Cm0Start.o
 .text._sbrk    0x00000000       0x30 .\CortexM0\ARM_GCC_541\Debug\Cm0Start.o
 .text          0x00000000        0x0 .\CortexM0\ARM_GCC_541\Debug\Digital_Dimmer.a(LCD.o)
 .data          0x00000000        0x0 .\CortexM0\ARM_GCC_541\Debug\Digital_Dimmer.a(LCD.o)
 .text.LCD_PutChar
                0x00000000        0x8 .\CortexM0\ARM_GCC_541\Debug\Digital_Dimmer.a(LCD.o)
 .text.LCD_Stop
                0x00000000       0x14 .\CortexM0\ARM_GCC_541\Debug\Digital_Dimmer.a(LCD.o)
 .text.LCD_PrintInt8
                0x00000000       0x20 .\CortexM0\ARM_GCC_541\Debug\Digital_Dimmer.a(LCD.o)
 .text.LCD_PrintInt16
                0x00000000       0x14 .\CortexM0\ARM_GCC_541\Debug\Digital_Dimmer.a(LCD.o)
 .text.LCD_PrintInt32
                0x00000000       0x1c .\CortexM0\ARM_GCC_541\Debug\Digital_Dimmer.a(LCD.o)
 .rodata        0x00000000       0x10 .\CortexM0\ARM_GCC_541\Debug\Digital_Dimmer.a(LCD.o)
 .text          0x00000000        0x0 .\CortexM0\ARM_GCC_541\Debug\Digital_Dimmer.a(CyLib.o)
 .bss           0x00000000       0x18 .\CortexM0\ARM_GCC_541\Debug\Digital_Dimmer.a(CyLib.o)
 .text.CySysClkImoStart
                0x00000000       0x14 .\CortexM0\ARM_GCC_541\Debug\Digital_Dimmer.a(CyLib.o)
 .text.CySysClkImoStop
                0x00000000       0x18 .\CortexM0\ARM_GCC_541\Debug\Digital_Dimmer.a(CyLib.o)
 .text.CySysClkWriteHfclkDirect
                0x00000000       0x20 .\CortexM0\ARM_GCC_541\Debug\Digital_Dimmer.a(CyLib.o)
 .text.CySysEnablePumpClock
                0x00000000       0x38 .\CortexM0\ARM_GCC_541\Debug\Digital_Dimmer.a(CyLib.o)
 .text.CySysClkGetSysclkSource
                0x00000000       0x1c .\CortexM0\ARM_GCC_541\Debug\Digital_Dimmer.a(CyLib.o)
 .text.CySysClkWriteSysclkDiv
                0x00000000       0x30 .\CortexM0\ARM_GCC_541\Debug\Digital_Dimmer.a(CyLib.o)
 .text.CySysLvdDisable
                0x00000000       0x20 .\CortexM0\ARM_GCC_541\Debug\Digital_Dimmer.a(CyLib.o)
 .text.CySysLvdGetInterruptSource
                0x00000000       0x10 .\CortexM0\ARM_GCC_541\Debug\Digital_Dimmer.a(CyLib.o)
 .text.CySysLvdClearInterrupt
                0x00000000        0xc .\CortexM0\ARM_GCC_541\Debug\Digital_Dimmer.a(CyLib.o)
 .text.CySysGetResetReason
                0x00000000       0x14 .\CortexM0\ARM_GCC_541\Debug\Digital_Dimmer.a(CyLib.o)
 .text.CyDisableInts
                0x00000000       0x10 .\CortexM0\ARM_GCC_541\Debug\Digital_Dimmer.a(CyLib.o)
 .text.CyEnableInts
                0x00000000        0xc .\CortexM0\ARM_GCC_541\Debug\Digital_Dimmer.a(CyLib.o)
 .text.CyIntGetState
                0x00000000       0x18 .\CortexM0\ARM_GCC_541\Debug\Digital_Dimmer.a(CyLib.o)
 .text.CyIntDisable
                0x00000000       0x14 .\CortexM0\ARM_GCC_541\Debug\Digital_Dimmer.a(CyLib.o)
 .text.CyIntSetPending
                0x00000000       0x14 .\CortexM0\ARM_GCC_541\Debug\Digital_Dimmer.a(CyLib.o)
 .text.CyIntClearPending
                0x00000000       0x14 .\CortexM0\ARM_GCC_541\Debug\Digital_Dimmer.a(CyLib.o)
 .text.CyIntSetSysVector
                0x00000000       0x20 .\CortexM0\ARM_GCC_541\Debug\Digital_Dimmer.a(CyLib.o)
 .text.CyIntGetSysVector
                0x00000000       0x1c .\CortexM0\ARM_GCC_541\Debug\Digital_Dimmer.a(CyLib.o)
 .text.CyIntGetVector
                0x00000000       0x20 .\CortexM0\ARM_GCC_541\Debug\Digital_Dimmer.a(CyLib.o)
 .text.CyIntSetPriority
                0x00000000       0x4c .\CortexM0\ARM_GCC_541\Debug\Digital_Dimmer.a(CyLib.o)
 .text.CyIntGetPriority
                0x00000000       0x2c .\CortexM0\ARM_GCC_541\Debug\Digital_Dimmer.a(CyLib.o)
 .text.CySoftwareReset
                0x00000000       0x18 .\CortexM0\ARM_GCC_541\Debug\Digital_Dimmer.a(CyLib.o)
 .text.CySysLvdEnable
                0x00000000       0x44 .\CortexM0\ARM_GCC_541\Debug\Digital_Dimmer.a(CyLib.o)
 .text.CyDelayFreq
                0x00000000       0x4c .\CortexM0\ARM_GCC_541\Debug\Digital_Dimmer.a(CyLib.o)
 .text.CySysTickStop
                0x00000000       0x10 .\CortexM0\ARM_GCC_541\Debug\Digital_Dimmer.a(CyLib.o)
 .text.CySysTickEnableInterrupt
                0x00000000       0x10 .\CortexM0\ARM_GCC_541\Debug\Digital_Dimmer.a(CyLib.o)
 .text.CySysTickEnable
                0x00000000       0x18 .\CortexM0\ARM_GCC_541\Debug\Digital_Dimmer.a(CyLib.o)
 .text.CySysTickDisableInterrupt
                0x00000000       0x10 .\CortexM0\ARM_GCC_541\Debug\Digital_Dimmer.a(CyLib.o)
 .text.CySysTickSetReload
                0x00000000       0x10 .\CortexM0\ARM_GCC_541\Debug\Digital_Dimmer.a(CyLib.o)
 .text.CySysTickGetReload
                0x00000000       0x10 .\CortexM0\ARM_GCC_541\Debug\Digital_Dimmer.a(CyLib.o)
 .text.CySysTickGetValue
                0x00000000       0x10 .\CortexM0\ARM_GCC_541\Debug\Digital_Dimmer.a(CyLib.o)
 .text.CySysTickSetClockSource
                0x00000000       0x20 .\CortexM0\ARM_GCC_541\Debug\Digital_Dimmer.a(CyLib.o)
 .text.CySysTickGetClockSource
                0x00000000       0x10 .\CortexM0\ARM_GCC_541\Debug\Digital_Dimmer.a(CyLib.o)
 .text.CySysTickGetCountFlag
                0x00000000       0x10 .\CortexM0\ARM_GCC_541\Debug\Digital_Dimmer.a(CyLib.o)
 .text.CySysTickServiceCallbacks
                0x00000000       0x28 .\CortexM0\ARM_GCC_541\Debug\Digital_Dimmer.a(CyLib.o)
 .text.CySysTickClear
                0x00000000        0xc .\CortexM0\ARM_GCC_541\Debug\Digital_Dimmer.a(CyLib.o)
 .text.CySysTickInit
                0x00000000       0x44 .\CortexM0\ARM_GCC_541\Debug\Digital_Dimmer.a(CyLib.o)
 .text.CySysTickStart
                0x00000000       0x20 .\CortexM0\ARM_GCC_541\Debug\Digital_Dimmer.a(CyLib.o)
 .text.CySysTickSetCallback
                0x00000000       0x10 .\CortexM0\ARM_GCC_541\Debug\Digital_Dimmer.a(CyLib.o)
 .text.CySysTickGetCallback
                0x00000000        0xc .\CortexM0\ARM_GCC_541\Debug\Digital_Dimmer.a(CyLib.o)
 .text.CyGetUniqueId
                0x00000000       0x70 .\CortexM0\ARM_GCC_541\Debug\Digital_Dimmer.a(CyLib.o)
 .text.CySysSetRamAccessArbPriority
                0x00000000       0x20 .\CortexM0\ARM_GCC_541\Debug\Digital_Dimmer.a(CyLib.o)
 .text.CySysSetFlashAccessArbPriority
                0x00000000       0x20 .\CortexM0\ARM_GCC_541\Debug\Digital_Dimmer.a(CyLib.o)
 .text.CySysSetDmacAccessArbPriority
                0x00000000       0x20 .\CortexM0\ARM_GCC_541\Debug\Digital_Dimmer.a(CyLib.o)
 .text.CySysSetPeripheralAccessArbPriority
                0x00000000       0x68 .\CortexM0\ARM_GCC_541\Debug\Digital_Dimmer.a(CyLib.o)
 .text          0x00000000        0x0 .\CortexM0\ARM_GCC_541\Debug\Digital_Dimmer.a(CyLFClk.o)
 .text.CySysClkIloEnabled
                0x00000000       0x14 .\CortexM0\ARM_GCC_541\Debug\Digital_Dimmer.a(CyLFClk.o)
 .text.CySysClkGetLfclkSource
                0x00000000       0x10 .\CortexM0\ARM_GCC_541\Debug\Digital_Dimmer.a(CyLFClk.o)
 .text.CySysClkIloStart
                0x00000000       0x14 .\CortexM0\ARM_GCC_541\Debug\Digital_Dimmer.a(CyLFClk.o)
 .text.CySysClkIloStartMeasurement
                0x00000000       0x5c .\CortexM0\ARM_GCC_541\Debug\Digital_Dimmer.a(CyLFClk.o)
 .text.CySysClkIloStopMeasurement
                0x00000000       0x14 .\CortexM0\ARM_GCC_541\Debug\Digital_Dimmer.a(CyLFClk.o)
 .text.CySysClkIloCompensate
                0x00000000      0x104 .\CortexM0\ARM_GCC_541\Debug\Digital_Dimmer.a(CyLFClk.o)
 .text.CySysClkIloUpdateTrimReg
                0x00000000       0xa8 .\CortexM0\ARM_GCC_541\Debug\Digital_Dimmer.a(CyLFClk.o)
 .text.CySysClkIloTrim
                0x00000000       0xd8 .\CortexM0\ARM_GCC_541\Debug\Digital_Dimmer.a(CyLFClk.o)
 .text.CySysClkIloRestoreFactoryTrim
                0x00000000       0x30 .\CortexM0\ARM_GCC_541\Debug\Digital_Dimmer.a(CyLFClk.o)
 .text.CySysClkWcoStart
                0x00000000       0x40 .\CortexM0\ARM_GCC_541\Debug\Digital_Dimmer.a(CyLFClk.o)
 .text.CySysClkWcoSetPowerMode
                0x00000000       0x4c .\CortexM0\ARM_GCC_541\Debug\Digital_Dimmer.a(CyLFClk.o)
 .text.CySysClkWcoClockOutSelect
                0x00000000       0x2c .\CortexM0\ARM_GCC_541\Debug\Digital_Dimmer.a(CyLFClk.o)
 .text.CySysWdtGetEnabledStatus
                0x00000000       0x24 .\CortexM0\ARM_GCC_541\Debug\Digital_Dimmer.a(CyLFClk.o)
 .text.CySysWdtSetMode
                0x00000000       0x38 .\CortexM0\ARM_GCC_541\Debug\Digital_Dimmer.a(CyLFClk.o)
 .text.CySysClkLfclkPosedgeRestore
                0x00000000       0x2c .\CortexM0\ARM_GCC_541\Debug\Digital_Dimmer.a(CyLFClk.o)
 .text.CySysWdtGetMode
                0x00000000       0x14 .\CortexM0\ARM_GCC_541\Debug\Digital_Dimmer.a(CyLFClk.o)
 .text.CySysWdtSetClearOnMatch
                0x00000000       0x34 .\CortexM0\ARM_GCC_541\Debug\Digital_Dimmer.a(CyLFClk.o)
 .text.CySysWdtGetClearOnMatch
                0x00000000       0x24 .\CortexM0\ARM_GCC_541\Debug\Digital_Dimmer.a(CyLFClk.o)
 .text.CySysWdtEnable
                0x00000000       0x3c .\CortexM0\ARM_GCC_541\Debug\Digital_Dimmer.a(CyLFClk.o)
 .text.CySysWdtDisable
                0x00000000       0x44 .\CortexM0\ARM_GCC_541\Debug\Digital_Dimmer.a(CyLFClk.o)
 .text.CySysWdtSetCascade
                0x00000000       0x34 .\CortexM0\ARM_GCC_541\Debug\Digital_Dimmer.a(CyLFClk.o)
 .text.CySysWdtGetCascade
                0x00000000       0x14 .\CortexM0\ARM_GCC_541\Debug\Digital_Dimmer.a(CyLFClk.o)
 .text.CySysWdtSetMatch
                0x00000000       0x54 .\CortexM0\ARM_GCC_541\Debug\Digital_Dimmer.a(CyLFClk.o)
 .text.CySysWdtSetToggleBit
                0x00000000       0x30 .\CortexM0\ARM_GCC_541\Debug\Digital_Dimmer.a(CyLFClk.o)
 .text.CySysWdtGetToggleBit
                0x00000000       0x10 .\CortexM0\ARM_GCC_541\Debug\Digital_Dimmer.a(CyLFClk.o)
 .text.CySysWdtGetMatch
                0x00000000       0x20 .\CortexM0\ARM_GCC_541\Debug\Digital_Dimmer.a(CyLFClk.o)
 .text.CySysWdtGetCount
                0x00000000       0x3c .\CortexM0\ARM_GCC_541\Debug\Digital_Dimmer.a(CyLFClk.o)
 .text.CySysClkLfclkPosedgeCatch
                0x00000000       0x74 .\CortexM0\ARM_GCC_541\Debug\Digital_Dimmer.a(CyLFClk.o)
 .text.CySysClkIloStop
                0x00000000       0x4c .\CortexM0\ARM_GCC_541\Debug\Digital_Dimmer.a(CyLFClk.o)
 .text.CySysClkSetLfclkSource
                0x00000000       0x38 .\CortexM0\ARM_GCC_541\Debug\Digital_Dimmer.a(CyLFClk.o)
 .text.CySysClkWcoStop
                0x00000000       0x48 .\CortexM0\ARM_GCC_541\Debug\Digital_Dimmer.a(CyLFClk.o)
 .text.CySysWdtGetInterruptSource
                0x00000000       0x14 .\CortexM0\ARM_GCC_541\Debug\Digital_Dimmer.a(CyLFClk.o)
 .text.CySysWdtResetCounters
                0x00000000       0x20 .\CortexM0\ARM_GCC_541\Debug\Digital_Dimmer.a(CyLFClk.o)
 .text.CySysWdtSetInterruptCallback
                0x00000000       0x20 .\CortexM0\ARM_GCC_541\Debug\Digital_Dimmer.a(CyLFClk.o)
 .text.CySysWdtGetInterruptCallback
                0x00000000       0x20 .\CortexM0\ARM_GCC_541\Debug\Digital_Dimmer.a(CyLFClk.o)
 .text.CySysWdtEnableCounterIsr
                0x00000000       0x34 .\CortexM0\ARM_GCC_541\Debug\Digital_Dimmer.a(CyLFClk.o)
 .text.CySysWdtDisableCounterIsr
                0x00000000       0x28 .\CortexM0\ARM_GCC_541\Debug\Digital_Dimmer.a(CyLFClk.o)
 .text.CySysWatchdogFeed
                0x00000000       0x60 .\CortexM0\ARM_GCC_541\Debug\Digital_Dimmer.a(CyLFClk.o)
 .text.CySysTimerDelayUntilMatch
                0x00000000       0x6c .\CortexM0\ARM_GCC_541\Debug\Digital_Dimmer.a(CyLFClk.o)
 .text.CySysTimerDelay
                0x00000000       0x3c .\CortexM0\ARM_GCC_541\Debug\Digital_Dimmer.a(CyLFClk.o)
 .rodata        0x00000000        0xc .\CortexM0\ARM_GCC_541\Debug\Digital_Dimmer.a(CyLFClk.o)
 .text          0x00000000        0x0 .\CortexM0\ARM_GCC_541\Debug\Digital_Dimmer.a(Control.o)
 .data          0x00000000        0x0 .\CortexM0\ARM_GCC_541\Debug\Digital_Dimmer.a(Control.o)
 .bss           0x00000000        0x0 .\CortexM0\ARM_GCC_541\Debug\Digital_Dimmer.a(Control.o)
 .text.Control_Read
                0x00000000        0xc .\CortexM0\ARM_GCC_541\Debug\Digital_Dimmer.a(Control.o)
 .text          0x00000000        0x0 .\CortexM0\ARM_GCC_541\Debug\Digital_Dimmer.a(Status.o)
 .data          0x00000000        0x0 .\CortexM0\ARM_GCC_541\Debug\Digital_Dimmer.a(Status.o)
 .bss           0x00000000        0x0 .\CortexM0\ARM_GCC_541\Debug\Digital_Dimmer.a(Status.o)
 .text.Status_InterruptEnable
                0x00000000       0x1c .\CortexM0\ARM_GCC_541\Debug\Digital_Dimmer.a(Status.o)
 .text.Status_InterruptDisable
                0x00000000       0x1c .\CortexM0\ARM_GCC_541\Debug\Digital_Dimmer.a(Status.o)
 .text.Status_WriteMask
                0x00000000       0x10 .\CortexM0\ARM_GCC_541\Debug\Digital_Dimmer.a(Status.o)
 .text.Status_ReadMask
                0x00000000        0xc .\CortexM0\ARM_GCC_541\Debug\Digital_Dimmer.a(Status.o)
 .text          0x00000000        0x0 .\CortexM0\ARM_GCC_541\Debug\Digital_Dimmer.a(Timer.o)
 .data          0x00000000        0x0 .\CortexM0\ARM_GCC_541\Debug\Digital_Dimmer.a(Timer.o)
 .text.Timer_SoftwareCapture
                0x00000000        0xc .\CortexM0\ARM_GCC_541\Debug\Digital_Dimmer.a(Timer.o)
 .text.Timer_ReadPeriod
                0x00000000        0xc .\CortexM0\ARM_GCC_541\Debug\Digital_Dimmer.a(Timer.o)
 .text          0x00000000        0x0 .\CortexM0\ARM_GCC_541\Debug\Digital_Dimmer.a(Timer_PM.o)
 .data          0x00000000        0x0 .\CortexM0\ARM_GCC_541\Debug\Digital_Dimmer.a(Timer_PM.o)
 .text          0x00000000        0x0 .\CortexM0\ARM_GCC_541\Debug\Digital_Dimmer.a(isrTimer.o)
 .data          0x00000000        0x0 .\CortexM0\ARM_GCC_541\Debug\Digital_Dimmer.a(isrTimer.o)
 .bss           0x00000000        0x0 .\CortexM0\ARM_GCC_541\Debug\Digital_Dimmer.a(isrTimer.o)
 .text.isrTimer_Interrupt
                0x00000000        0x4 .\CortexM0\ARM_GCC_541\Debug\Digital_Dimmer.a(isrTimer.o)
 .text.isrTimer_GetVector
                0x00000000        0xc .\CortexM0\ARM_GCC_541\Debug\Digital_Dimmer.a(isrTimer.o)
 .text.isrTimer_GetPriority
                0x00000000       0x10 .\CortexM0\ARM_GCC_541\Debug\Digital_Dimmer.a(isrTimer.o)
 .text.isrTimer_GetState
                0x00000000       0x14 .\CortexM0\ARM_GCC_541\Debug\Digital_Dimmer.a(isrTimer.o)
 .text.isrTimer_Start
                0x00000000       0x1c .\CortexM0\ARM_GCC_541\Debug\Digital_Dimmer.a(isrTimer.o)
 .text.isrTimer_SetPending
                0x00000000        0xc .\CortexM0\ARM_GCC_541\Debug\Digital_Dimmer.a(isrTimer.o)
 .text.isrTimer_ClearPending
                0x00000000        0xc .\CortexM0\ARM_GCC_541\Debug\Digital_Dimmer.a(isrTimer.o)
 .text          0x00000000        0x0 .\CortexM0\ARM_GCC_541\Debug\Digital_Dimmer.a(Dimmer.o)
 .data          0x00000000        0x0 .\CortexM0\ARM_GCC_541\Debug\Digital_Dimmer.a(Dimmer.o)
 .bss           0x00000000        0x0 .\CortexM0\ARM_GCC_541\Debug\Digital_Dimmer.a(Dimmer.o)
 .text.Dimmer_SetDriveMode
                0x00000000       0x14 .\CortexM0\ARM_GCC_541\Debug\Digital_Dimmer.a(Dimmer.o)
 .text.Dimmer_Read
                0x00000000       0x10 .\CortexM0\ARM_GCC_541\Debug\Digital_Dimmer.a(Dimmer.o)
 .text.Dimmer_ReadDataReg
                0x00000000       0x10 .\CortexM0\ARM_GCC_541\Debug\Digital_Dimmer.a(Dimmer.o)
 .text.Dimmer_SetInterruptMode
                0x00000000       0x14 .\CortexM0\ARM_GCC_541\Debug\Digital_Dimmer.a(Dimmer.o)
 .text.Dimmer_ClearInterrupt
                0x00000000       0x10 .\CortexM0\ARM_GCC_541\Debug\Digital_Dimmer.a(Dimmer.o)
 .text          0x00000000        0x0 .\CortexM0\ARM_GCC_541\Debug\Digital_Dimmer.a(isrCross.o)
 .data          0x00000000        0x0 .\CortexM0\ARM_GCC_541\Debug\Digital_Dimmer.a(isrCross.o)
 .bss           0x00000000        0x0 .\CortexM0\ARM_GCC_541\Debug\Digital_Dimmer.a(isrCross.o)
 .text.isrCross_Interrupt
                0x00000000        0x4 .\CortexM0\ARM_GCC_541\Debug\Digital_Dimmer.a(isrCross.o)
 .text.isrCross_GetVector
                0x00000000        0xc .\CortexM0\ARM_GCC_541\Debug\Digital_Dimmer.a(isrCross.o)
 .text.isrCross_GetPriority
                0x00000000       0x10 .\CortexM0\ARM_GCC_541\Debug\Digital_Dimmer.a(isrCross.o)
 .text.isrCross_GetState
                0x00000000       0x10 .\CortexM0\ARM_GCC_541\Debug\Digital_Dimmer.a(isrCross.o)
 .text.isrCross_Start
                0x00000000       0x1c .\CortexM0\ARM_GCC_541\Debug\Digital_Dimmer.a(isrCross.o)
 .text.isrCross_Stop
                0x00000000       0x14 .\CortexM0\ARM_GCC_541\Debug\Digital_Dimmer.a(isrCross.o)
 .text.isrCross_SetPending
                0x00000000        0xc .\CortexM0\ARM_GCC_541\Debug\Digital_Dimmer.a(isrCross.o)
 .text.isrCross_ClearPending
                0x00000000        0xc .\CortexM0\ARM_GCC_541\Debug\Digital_Dimmer.a(isrCross.o)
 .data          0x00000000        0x0 .\CortexM0\ARM_GCC_541\Debug\Digital_Dimmer.a(CyBootAsmGnu.o)
 .bss           0x00000000        0x0 .\CortexM0\ARM_GCC_541\Debug\Digital_Dimmer.a(CyBootAsmGnu.o)
 .text          0x00000000        0x0 .\CortexM0\ARM_GCC_541\Debug\Digital_Dimmer.a(CyFlash.o)
 .data          0x00000000        0x0 .\CortexM0\ARM_GCC_541\Debug\Digital_Dimmer.a(CyFlash.o)
 .bss           0x00000000        0x0 .\CortexM0\ARM_GCC_541\Debug\Digital_Dimmer.a(CyFlash.o)
 .text.CySysFlashClockBackup
                0x00000000        0x4 .\CortexM0\ARM_GCC_541\Debug\Digital_Dimmer.a(CyFlash.o)
 .text.CySysFlashClockRestore
                0x00000000        0x4 .\CortexM0\ARM_GCC_541\Debug\Digital_Dimmer.a(CyFlash.o)
 .text.CySysFlashWriteRow
                0x00000000      0x124 .\CortexM0\ARM_GCC_541\Debug\Digital_Dimmer.a(CyFlash.o)
 .text.CySysSFlashWriteUserRow
                0x00000000      0x110 .\CortexM0\ARM_GCC_541\Debug\Digital_Dimmer.a(CyFlash.o)
 .data          0x00000000        0x0 c:/program files (x86)/cypress/psoc creator/4.2/psoc creator/import/gnu/arm/5.4.1/bin/../lib/gcc/arm-none-eabi/5.4.1/armv6-m\libgcc.a(_udivsi3.o)
 .bss           0x00000000        0x0 c:/program files (x86)/cypress/psoc creator/4.2/psoc creator/import/gnu/arm/5.4.1/bin/../lib/gcc/arm-none-eabi/5.4.1/armv6-m\libgcc.a(_udivsi3.o)
 .text          0x00000000      0x1d4 c:/program files (x86)/cypress/psoc creator/4.2/psoc creator/import/gnu/arm/5.4.1/bin/../lib/gcc/arm-none-eabi/5.4.1/armv6-m\libgcc.a(_divsi3.o)
 .data          0x00000000        0x0 c:/program files (x86)/cypress/psoc creator/4.2/psoc creator/import/gnu/arm/5.4.1/bin/../lib/gcc/arm-none-eabi/5.4.1/armv6-m\libgcc.a(_divsi3.o)
 .bss           0x00000000        0x0 c:/program files (x86)/cypress/psoc creator/4.2/psoc creator/import/gnu/arm/5.4.1/bin/../lib/gcc/arm-none-eabi/5.4.1/armv6-m\libgcc.a(_divsi3.o)
 .data          0x00000000        0x0 c:/program files (x86)/cypress/psoc creator/4.2/psoc creator/import/gnu/arm/5.4.1/bin/../lib/gcc/arm-none-eabi/5.4.1/armv6-m\libgcc.a(_dvmd_tls.o)
 .bss           0x00000000        0x0 c:/program files (x86)/cypress/psoc creator/4.2/psoc creator/import/gnu/arm/5.4.1/bin/../lib/gcc/arm-none-eabi/5.4.1/armv6-m\libgcc.a(_dvmd_tls.o)
 .text          0x00000000        0x0 c:/program files (x86)/cypress/psoc creator/4.2/psoc creator/import/gnu/arm/5.4.1/bin/../lib/gcc/arm-none-eabi/5.4.1/../../../../arm-none-eabi/lib/armv6-m\libg_nano.a(lib_a-errno.o)
 .data          0x00000000        0x0 c:/program files (x86)/cypress/psoc creator/4.2/psoc creator/import/gnu/arm/5.4.1/bin/../lib/gcc/arm-none-eabi/5.4.1/../../../../arm-none-eabi/lib/armv6-m\libg_nano.a(lib_a-errno.o)
 .bss           0x00000000        0x0 c:/program files (x86)/cypress/psoc creator/4.2/psoc creator/import/gnu/arm/5.4.1/bin/../lib/gcc/arm-none-eabi/5.4.1/../../../../arm-none-eabi/lib/armv6-m\libg_nano.a(lib_a-errno.o)
 .text          0x00000000        0x0 c:/program files (x86)/cypress/psoc creator/4.2/psoc creator/import/gnu/arm/5.4.1/bin/../lib/gcc/arm-none-eabi/5.4.1/../../../../arm-none-eabi/lib/armv6-m\libg_nano.a(lib_a-exit.o)
 .data          0x00000000        0x0 c:/program files (x86)/cypress/psoc creator/4.2/psoc creator/import/gnu/arm/5.4.1/bin/../lib/gcc/arm-none-eabi/5.4.1/../../../../arm-none-eabi/lib/armv6-m\libg_nano.a(lib_a-exit.o)
 .bss           0x00000000        0x0 c:/program files (x86)/cypress/psoc creator/4.2/psoc creator/import/gnu/arm/5.4.1/bin/../lib/gcc/arm-none-eabi/5.4.1/../../../../arm-none-eabi/lib/armv6-m\libg_nano.a(lib_a-exit.o)
 .text.exit     0x00000000       0x2c c:/program files (x86)/cypress/psoc creator/4.2/psoc creator/import/gnu/arm/5.4.1/bin/../lib/gcc/arm-none-eabi/5.4.1/../../../../arm-none-eabi/lib/armv6-m\libg_nano.a(lib_a-exit.o)
 .text          0x00000000        0x0 c:/program files (x86)/cypress/psoc creator/4.2/psoc creator/import/gnu/arm/5.4.1/bin/../lib/gcc/arm-none-eabi/5.4.1/../../../../arm-none-eabi/lib/armv6-m\libg_nano.a(lib_a-impure.o)
 .data          0x00000000        0x0 c:/program files (x86)/cypress/psoc creator/4.2/psoc creator/import/gnu/arm/5.4.1/bin/../lib/gcc/arm-none-eabi/5.4.1/../../../../arm-none-eabi/lib/armv6-m\libg_nano.a(lib_a-impure.o)
 .bss           0x00000000        0x0 c:/program files (x86)/cypress/psoc creator/4.2/psoc creator/import/gnu/arm/5.4.1/bin/../lib/gcc/arm-none-eabi/5.4.1/../../../../arm-none-eabi/lib/armv6-m\libg_nano.a(lib_a-impure.o)
 .rodata._global_impure_ptr
                0x00000000        0x4 c:/program files (x86)/cypress/psoc creator/4.2/psoc creator/import/gnu/arm/5.4.1/bin/../lib/gcc/arm-none-eabi/5.4.1/../../../../arm-none-eabi/lib/armv6-m\libg_nano.a(lib_a-impure.o)
 .text          0x00000000        0x0 c:/program files (x86)/cypress/psoc creator/4.2/psoc creator/import/gnu/arm/5.4.1/bin/../lib/gcc/arm-none-eabi/5.4.1/../../../../arm-none-eabi/lib/armv6-m\libg_nano.a(lib_a-init.o)
 .data          0x00000000        0x0 c:/program files (x86)/cypress/psoc creator/4.2/psoc creator/import/gnu/arm/5.4.1/bin/../lib/gcc/arm-none-eabi/5.4.1/../../../../arm-none-eabi/lib/armv6-m\libg_nano.a(lib_a-init.o)
 .bss           0x00000000        0x0 c:/program files (x86)/cypress/psoc creator/4.2/psoc creator/import/gnu/arm/5.4.1/bin/../lib/gcc/arm-none-eabi/5.4.1/../../../../arm-none-eabi/lib/armv6-m\libg_nano.a(lib_a-init.o)
 .text          0x00000000        0x0 c:/program files (x86)/cypress/psoc creator/4.2/psoc creator/import/gnu/arm/5.4.1/bin/../lib/gcc/arm-none-eabi/5.4.1/../../../../arm-none-eabi/lib/armv6-m\libg_nano.a(lib_a-memcpy-stub.o)
 .data          0x00000000        0x0 c:/program files (x86)/cypress/psoc creator/4.2/psoc creator/import/gnu/arm/5.4.1/bin/../lib/gcc/arm-none-eabi/5.4.1/../../../../arm-none-eabi/lib/armv6-m\libg_nano.a(lib_a-memcpy-stub.o)
 .bss           0x00000000        0x0 c:/program files (x86)/cypress/psoc creator/4.2/psoc creator/import/gnu/arm/5.4.1/bin/../lib/gcc/arm-none-eabi/5.4.1/../../../../arm-none-eabi/lib/armv6-m\libg_nano.a(lib_a-memcpy-stub.o)
 .text.memcpy   0x00000000       0x12 c:/program files (x86)/cypress/psoc creator/4.2/psoc creator/import/gnu/arm/5.4.1/bin/../lib/gcc/arm-none-eabi/5.4.1/../../../../arm-none-eabi/lib/armv6-m\libg_nano.a(lib_a-memcpy-stub.o)
 .text          0x00000000        0x0 c:/program files (x86)/cypress/psoc creator/4.2/psoc creator/import/gnu/arm/5.4.1/bin/../lib/gcc/arm-none-eabi/5.4.1/../../../../arm-none-eabi/lib/armv6-m\libg_nano.a(lib_a-memset.o)
 .data          0x00000000        0x0 c:/program files (x86)/cypress/psoc creator/4.2/psoc creator/import/gnu/arm/5.4.1/bin/../lib/gcc/arm-none-eabi/5.4.1/../../../../arm-none-eabi/lib/armv6-m\libg_nano.a(lib_a-memset.o)
 .bss           0x00000000        0x0 c:/program files (x86)/cypress/psoc creator/4.2/psoc creator/import/gnu/arm/5.4.1/bin/../lib/gcc/arm-none-eabi/5.4.1/../../../../arm-none-eabi/lib/armv6-m\libg_nano.a(lib_a-memset.o)
 .text          0x00000000        0x0 c:/program files (x86)/cypress/psoc creator/4.2/psoc creator/import/gnu/arm/5.4.1/bin/../lib/gcc/arm-none-eabi/5.4.1/armv6-m/crtend.o
 .data          0x00000000        0x0 c:/program files (x86)/cypress/psoc creator/4.2/psoc creator/import/gnu/arm/5.4.1/bin/../lib/gcc/arm-none-eabi/5.4.1/armv6-m/crtend.o
 .bss           0x00000000        0x0 c:/program files (x86)/cypress/psoc creator/4.2/psoc creator/import/gnu/arm/5.4.1/bin/../lib/gcc/arm-none-eabi/5.4.1/armv6-m/crtend.o
 .text          0x00000000        0x0 c:/program files (x86)/cypress/psoc creator/4.2/psoc creator/import/gnu/arm/5.4.1/bin/../lib/gcc/arm-none-eabi/5.4.1/armv6-m/crtn.o
 .data          0x00000000        0x0 c:/program files (x86)/cypress/psoc creator/4.2/psoc creator/import/gnu/arm/5.4.1/bin/../lib/gcc/arm-none-eabi/5.4.1/armv6-m/crtn.o
 .bss           0x00000000        0x0 c:/program files (x86)/cypress/psoc creator/4.2/psoc creator/import/gnu/arm/5.4.1/bin/../lib/gcc/arm-none-eabi/5.4.1/armv6-m/crtn.o

Memory Configuration

Name             Origin             Length             Attributes
rom              0x00000000         0x00020000         xr
ram              0x20000000         0x00004000         xrw
*default*        0x00000000         0xffffffff

Linker script and memory map

LOAD c:/program files (x86)/cypress/psoc creator/4.2/psoc creator/import/gnu/arm/5.4.1/bin/../lib/gcc/arm-none-eabi/5.4.1/armv6-m/crti.o
LOAD c:/program files (x86)/cypress/psoc creator/4.2/psoc creator/import/gnu/arm/5.4.1/bin/../lib/gcc/arm-none-eabi/5.4.1/armv6-m/crtbegin.o
LOAD c:/program files (x86)/cypress/psoc creator/4.2/psoc creator/import/gnu/arm/5.4.1/bin/../lib/gcc/arm-none-eabi/5.4.1/../../../../arm-none-eabi/lib/armv6-m/crt0.o
START GROUP
LOAD .\CortexM0\ARM_GCC_541\Debug\main.o
LOAD .\CortexM0\ARM_GCC_541\Debug\cyfitter_cfg.o
LOAD .\CortexM0\ARM_GCC_541\Debug\cymetadata.o
LOAD .\CortexM0\ARM_GCC_541\Debug\Cm0Start.o
LOAD .\CortexM0\ARM_GCC_541\Debug\Digital_Dimmer.a
END GROUP
START GROUP
LOAD c:/program files (x86)/cypress/psoc creator/4.2/psoc creator/import/gnu/arm/5.4.1/bin/../lib/gcc/arm-none-eabi/5.4.1/armv6-m\libgcc.a
LOAD c:/program files (x86)/cypress/psoc creator/4.2/psoc creator/import/gnu/arm/5.4.1/bin/../lib/gcc/arm-none-eabi/5.4.1/../../../../arm-none-eabi/lib/armv6-m\libg_nano.a
LOAD c:/program files (x86)/cypress/psoc creator/4.2/psoc creator/import/gnu/arm/5.4.1/bin/../lib/gcc/arm-none-eabi/5.4.1/../../../../arm-none-eabi/lib/armv6-m\libc_nano.a
END GROUP
START GROUP
LOAD c:/program files (x86)/cypress/psoc creator/4.2/psoc creator/import/gnu/arm/5.4.1/bin/../lib/gcc/arm-none-eabi/5.4.1/armv6-m\libgcc.a
LOAD c:/program files (x86)/cypress/psoc creator/4.2/psoc creator/import/gnu/arm/5.4.1/bin/../lib/gcc/arm-none-eabi/5.4.1/../../../../arm-none-eabi/lib/armv6-m\libc_nano.a
END GROUP
LOAD c:/program files (x86)/cypress/psoc creator/4.2/psoc creator/import/gnu/arm/5.4.1/bin/../lib/gcc/arm-none-eabi/5.4.1/armv6-m/crtend.o
LOAD c:/program files (x86)/cypress/psoc creator/4.2/psoc creator/import/gnu/arm/5.4.1/bin/../lib/gcc/arm-none-eabi/5.4.1/armv6-m/crtn.o
START GROUP
LOAD c:/program files (x86)/cypress/psoc creator/4.2/psoc creator/import/gnu/arm/5.4.1/bin/../lib/gcc/arm-none-eabi/5.4.1/armv6-m\libgcc.a
LOAD c:/program files (x86)/cypress/psoc creator/4.2/psoc creator/import/gnu/arm/5.4.1/bin/../lib/gcc/arm-none-eabi/5.4.1/../../../../arm-none-eabi/lib/armv6-m\libc.a
LOAD c:/program files (x86)/cypress/psoc creator/4.2/psoc creator/import/gnu/arm/5.4.1/bin/../lib/gcc/arm-none-eabi/5.4.1/../../../../arm-none-eabi/lib/armv6-m\libnosys.a
END GROUP
                0x00000000                CY_APPL_ORIGIN = 0x0
                0x00000080                CY_FLASH_ROW_SIZE = 0x80
                0x00000001                CY_APPL_NUM = 0x1
                0x00000001                CY_APPL_MAX = 0x1
                0x00000040                CY_METADATA_SIZE = 0x40
                0x00000000                CY_APPL_LOADABLE = 0x0
                0x00000000                CY_CHECKSUM_EXCLUDE_SIZE = ALIGN (0x0, CY_FLASH_ROW_SIZE)
                0x00000000                CY_APP_FOR_STACK_AND_COPIER = 0x0
                [!provide]                PROVIDE (__cy_heap_start, _end)
                0x00000001                PROVIDE (__cy_region_num, ((__cy_regions_end - __cy_regions) / 0x10))
                0x20004000                PROVIDE (__cy_stack, (ORIGIN (ram) + LENGTH (ram)))
                [!provide]                PROVIDE (__cy_heap_end, (__cy_stack - 0x800))

.cybootloader   0x00000000        0x0
 *(.cybootloader)
                0x00000000                appl1_start = CY_APPL_ORIGIN?CY_APPL_ORIGIN:ALIGN (CY_FLASH_ROW_SIZE)
                0x0000ff80                appl2_start = (appl1_start + ALIGN ((((LENGTH (rom) - appl1_start) - (0x2 * CY_FLASH_ROW_SIZE)) / 0x2), CY_FLASH_ROW_SIZE))
                0x00000000                appl_start = (CY_APPL_NUM == 0x1)?appl1_start:appl2_start
                0x00000001                cy_project_type_bootloader = (appl_start == 0x0)?0x1:0x0
                0x00000000                cy_project_type_app_for_stack_and_copier = (CY_APP_FOR_STACK_AND_COPIER == 0x1)?0x1:0x0

.text           0x00000000     0x1524
 CREATE_OBJECT_SYMBOLS
                0x00000000                PROVIDE (__cy_interrupt_vector, RomVectors)
 *(.romvectors)
 .romvectors    0x00000000       0x10 .\CortexM0\ARM_GCC_541\Debug\Cm0Start.o
                0x00000000                RomVectors
                0x00000001                ASSERT ((. != __cy_interrupt_vector), No interrupt vector)
                0x00000001                ASSERT (CY_APPL_ORIGIN?(SIZEOF (.cybootloader) <= CY_APPL_ORIGIN):0x1, Wrong image location)
                0x00000010                PROVIDE (__cy_reset, Reset)
 *(.text.Reset)
 .text.Reset    0x00000010        0x8 .\CortexM0\ARM_GCC_541\Debug\Cm0Start.o
                0x00000010                Reset
                0x00000001                ASSERT ((. != __cy_reset), No reset code)
 *(.psocinit)
 .psocinit      0x00000018      0x1cc .\CortexM0\ARM_GCC_541\Debug\cyfitter_cfg.o
                0x000000a8                cyfitter_cfg
                0x000001e4                . = MAX (., 0x100)
 *(.text .text.* .gnu.linkonce.t.*)
 .text          0x000001e4       0x60 c:/program files (x86)/cypress/psoc creator/4.2/psoc creator/import/gnu/arm/5.4.1/bin/../lib/gcc/arm-none-eabi/5.4.1/armv6-m/crtbegin.o
 .text.Timer    0x00000244       0x24 .\CortexM0\ARM_GCC_541\Debug\main.o
                0x00000244                Timer
 .text.Cross    0x00000268        0xc .\CortexM0\ARM_GCC_541\Debug\main.o
                0x00000268                Cross
 .text.keyBoard
                0x00000274       0xd8 .\CortexM0\ARM_GCC_541\Debug\main.o
                0x00000274                keyBoard
 .text.LCD_Text
                0x0000034c       0x10 .\CortexM0\ARM_GCC_541\Debug\main.o
                0x0000034c                LCD_Text
 .text.General_Menu
                0x0000035c       0x74 .\CortexM0\ARM_GCC_541\Debug\main.o
                0x0000035c                General_Menu
 .text.Intensity_Box
                0x000003d0      0x208 .\CortexM0\ARM_GCC_541\Debug\main.o
                0x000003d0                Intensity_Box
 .text.Time_Box
                0x000005d8      0x228 .\CortexM0\ARM_GCC_541\Debug\main.o
                0x000005d8                Time_Box
 .text.Dimmer   0x00000800      0x130 .\CortexM0\ARM_GCC_541\Debug\main.o
                0x00000800                Dimmer
 .text.main     0x00000930       0x58 .\CortexM0\ARM_GCC_541\Debug\main.o
                0x00000930                main
 .text.cfg_write_bytes32
                0x00000988       0x34 .\CortexM0\ARM_GCC_541\Debug\cyfitter_cfg.o
 .text.AnalogSetDefault
                0x000009bc       0x20 .\CortexM0\ARM_GCC_541\Debug\cyfitter_cfg.o
 .text.CYMEMZERO
                0x000009dc        0xc .\CortexM0\ARM_GCC_541\Debug\cyfitter_cfg.o
 .text.IntDefaultHandler
                0x000009e8       0x10 .\CortexM0\ARM_GCC_541\Debug\Cm0Start.o
                0x000009e8                IntDefaultHandler
 .text.Start_c  0x000009f8       0x48 .\CortexM0\ARM_GCC_541\Debug\Cm0Start.o
                0x000009f8                Start_c
 .text.initialize_psoc
                0x00000a40       0x4c .\CortexM0\ARM_GCC_541\Debug\Cm0Start.o
                0x00000a40                initialize_psoc
 .text.LCD_WrCntrlNib
                0x00000a8c       0x34 .\CortexM0\ARM_GCC_541\Debug\Digital_Dimmer.a(LCD.o)
 .text.LCD_WrDatNib
                0x00000ac0       0x44 .\CortexM0\ARM_GCC_541\Debug\Digital_Dimmer.a(LCD.o)
 .text.LCD_IsReady
                0x00000b04       0xb4 .\CortexM0\ARM_GCC_541\Debug\Digital_Dimmer.a(LCD.o)
                0x00000b04                LCD_IsReady
 .text.LCD_WriteData
                0x00000bb8       0x18 .\CortexM0\ARM_GCC_541\Debug\Digital_Dimmer.a(LCD.o)
                0x00000bb8                LCD_WriteData
 .text.LCD_PrintString
                0x00000bd0       0x1c .\CortexM0\ARM_GCC_541\Debug\Digital_Dimmer.a(LCD.o)
                0x00000bd0                LCD_PrintString
 .text.LCD_WriteControl
                0x00000bec       0x18 .\CortexM0\ARM_GCC_541\Debug\Digital_Dimmer.a(LCD.o)
                0x00000bec                LCD_WriteControl
 .text.LCD_Init
                0x00000c04       0x6c .\CortexM0\ARM_GCC_541\Debug\Digital_Dimmer.a(LCD.o)
                0x00000c04                LCD_Init
 .text.LCD_Enable
                0x00000c70       0x14 .\CortexM0\ARM_GCC_541\Debug\Digital_Dimmer.a(LCD.o)
                0x00000c70                LCD_Enable
 .text.LCD_Start
                0x00000c84       0x20 .\CortexM0\ARM_GCC_541\Debug\Digital_Dimmer.a(LCD.o)
                0x00000c84                LCD_Start
 .text.LCD_Position
                0x00000ca4       0x3c .\CortexM0\ARM_GCC_541\Debug\Digital_Dimmer.a(LCD.o)
                0x00000ca4                LCD_Position
 .text.LCD_PrintU32Number
                0x00000ce0       0x4c .\CortexM0\ARM_GCC_541\Debug\Digital_Dimmer.a(LCD.o)
                0x00000ce0                LCD_PrintU32Number
 .text.CySysClkImoDisableWcoLock
                0x00000d2c       0x14 .\CortexM0\ARM_GCC_541\Debug\Digital_Dimmer.a(CyLib.o)
                0x00000d2c                CySysClkImoDisableWcoLock
 .text.CySysClkImoGetWcoLock
                0x00000d40       0x14 .\CortexM0\ARM_GCC_541\Debug\Digital_Dimmer.a(CyLib.o)
                0x00000d40                CySysClkImoGetWcoLock
 .text.CyIntEnable
                0x00000d54       0x14 .\CortexM0\ARM_GCC_541\Debug\Digital_Dimmer.a(CyLib.o)
                0x00000d54                CyIntEnable
 .text.CyHalt   0x00000d68        0x4 .\CortexM0\ARM_GCC_541\Debug\Digital_Dimmer.a(CyLib.o)
                0x00000d68                CyHalt
 .text.CyIntSetVector
                0x00000d6c       0x24 .\CortexM0\ARM_GCC_541\Debug\Digital_Dimmer.a(CyLib.o)
                0x00000d6c                CyIntSetVector
 .text.CyDelay  0x00000d90       0x30 .\CortexM0\ARM_GCC_541\Debug\Digital_Dimmer.a(CyLib.o)
                0x00000d90                CyDelay
 .text.CySysClkImoEnableWcoLock
                0x00000dc0       0xf0 .\CortexM0\ARM_GCC_541\Debug\Digital_Dimmer.a(CyLib.o)
                0x00000dc0                CySysClkImoEnableWcoLock
 .text.CySysClkWriteImoFreq
                0x00000eb0       0x80 .\CortexM0\ARM_GCC_541\Debug\Digital_Dimmer.a(CyLib.o)
                0x00000eb0                CySysClkWriteImoFreq
 .text.CyDelayUs
                0x00000f30       0x14 .\CortexM0\ARM_GCC_541\Debug\Digital_Dimmer.a(CyLib.o)
                0x00000f30                CyDelayUs
 .text.CySysWdtLocked
                0x00000f44       0x14 .\CortexM0\ARM_GCC_541\Debug\Digital_Dimmer.a(CyLFClk.o)
 .text.CySysClkWcoEnabled
                0x00000f58       0x14 .\CortexM0\ARM_GCC_541\Debug\Digital_Dimmer.a(CyLFClk.o)
                0x00000f58                CySysClkWcoEnabled
 .text.CySysWdtLock
                0x00000f6c       0x1c .\CortexM0\ARM_GCC_541\Debug\Digital_Dimmer.a(CyLFClk.o)
                0x00000f6c                CySysWdtLock
 .text.CySysWdtUnlock
                0x00000f88       0x30 .\CortexM0\ARM_GCC_541\Debug\Digital_Dimmer.a(CyLFClk.o)
                0x00000f88                CySysWdtUnlock
 .text.CySysWdtClearInterrupt
                0x00000fb8       0x4c .\CortexM0\ARM_GCC_541\Debug\Digital_Dimmer.a(CyLFClk.o)
                0x00000fb8                CySysWdtClearInterrupt
 .text.CySysWdtIsr
                0x00001004       0xa4 .\CortexM0\ARM_GCC_541\Debug\Digital_Dimmer.a(CyLFClk.o)
                0x00001004                CySysWdtIsr
 .text.Control_Write
                0x000010a8        0xc .\CortexM0\ARM_GCC_541\Debug\Digital_Dimmer.a(Control.o)
                0x000010a8                Control_Write
 .text.Status_Read
                0x000010b4        0xc .\CortexM0\ARM_GCC_541\Debug\Digital_Dimmer.a(Status.o)
                0x000010b4                Status_Read
 .text.Timer_Enable
                0x000010c0       0x14 .\CortexM0\ARM_GCC_541\Debug\Digital_Dimmer.a(Timer.o)
                0x000010c0                Timer_Enable
 .text.Timer_Stop
                0x000010d4       0x10 .\CortexM0\ARM_GCC_541\Debug\Digital_Dimmer.a(Timer.o)
                0x000010d4                Timer_Stop
 .text.Timer_SetInterruptMode
                0x000010e4        0xc .\CortexM0\ARM_GCC_541\Debug\Digital_Dimmer.a(Timer.o)
                0x000010e4                Timer_SetInterruptMode
 .text.Timer_ReadStatusRegister
                0x000010f0        0xc .\CortexM0\ARM_GCC_541\Debug\Digital_Dimmer.a(Timer.o)
                0x000010f0                Timer_ReadStatusRegister
 .text.Timer_ReadControlRegister
                0x000010fc        0xc .\CortexM0\ARM_GCC_541\Debug\Digital_Dimmer.a(Timer.o)
                0x000010fc                Timer_ReadControlRegister
 .text.Timer_WriteControlRegister
                0x00001108        0xc .\CortexM0\ARM_GCC_541\Debug\Digital_Dimmer.a(Timer.o)
                0x00001108                Timer_WriteControlRegister
 .text.Timer_WritePeriod
                0x00001114        0xc .\CortexM0\ARM_GCC_541\Debug\Digital_Dimmer.a(Timer.o)
                0x00001114                Timer_WritePeriod
 .text.Timer_ReadCapture
                0x00001120        0xc .\CortexM0\ARM_GCC_541\Debug\Digital_Dimmer.a(Timer.o)
                0x00001120                Timer_ReadCapture
 .text.Timer_WriteCounter
                0x0000112c        0xc .\CortexM0\ARM_GCC_541\Debug\Digital_Dimmer.a(Timer.o)
                0x0000112c                Timer_WriteCounter
 .text.Timer_ReadCounter
                0x00001138       0x14 .\CortexM0\ARM_GCC_541\Debug\Digital_Dimmer.a(Timer.o)
                0x00001138                Timer_ReadCounter
 .text.Timer_ClearFIFO
                0x0000114c       0x14 .\CortexM0\ARM_GCC_541\Debug\Digital_Dimmer.a(Timer.o)
                0x0000114c                Timer_ClearFIFO
 .text.Timer_Init
                0x00001160       0x38 .\CortexM0\ARM_GCC_541\Debug\Digital_Dimmer.a(Timer.o)
                0x00001160                Timer_Init
 .text.Timer_Start
                0x00001198       0x20 .\CortexM0\ARM_GCC_541\Debug\Digital_Dimmer.a(Timer.o)
                0x00001198                Timer_Start
 .text.Timer_SaveConfig
                0x000011b8       0x20 .\CortexM0\ARM_GCC_541\Debug\Digital_Dimmer.a(Timer_PM.o)
                0x000011b8                Timer_SaveConfig
 .text.Timer_RestoreConfig
                0x000011d8       0x20 .\CortexM0\ARM_GCC_541\Debug\Digital_Dimmer.a(Timer_PM.o)
                0x000011d8                Timer_RestoreConfig
 .text.Timer_Sleep
                0x000011f8       0x2c .\CortexM0\ARM_GCC_541\Debug\Digital_Dimmer.a(Timer_PM.o)
                0x000011f8                Timer_Sleep
 .text.Timer_Wakeup
                0x00001224       0x18 .\CortexM0\ARM_GCC_541\Debug\Digital_Dimmer.a(Timer_PM.o)
                0x00001224                Timer_Wakeup
 .text.isrTimer_SetVector
                0x0000123c        0xc .\CortexM0\ARM_GCC_541\Debug\Digital_Dimmer.a(isrTimer.o)
                0x0000123c                isrTimer_SetVector
 .text.isrTimer_SetPriority
                0x00001248       0x24 .\CortexM0\ARM_GCC_541\Debug\Digital_Dimmer.a(isrTimer.o)
                0x00001248                isrTimer_SetPriority
 .text.isrTimer_Enable
                0x0000126c        0xc .\CortexM0\ARM_GCC_541\Debug\Digital_Dimmer.a(isrTimer.o)
                0x0000126c                isrTimer_Enable
 .text.isrTimer_Disable
                0x00001278        0xc .\CortexM0\ARM_GCC_541\Debug\Digital_Dimmer.a(isrTimer.o)
                0x00001278                isrTimer_Disable
 .text.isrTimer_StartEx
                0x00001284       0x1c .\CortexM0\ARM_GCC_541\Debug\Digital_Dimmer.a(isrTimer.o)
                0x00001284                isrTimer_StartEx
 .text.isrTimer_Stop
                0x000012a0       0x14 .\CortexM0\ARM_GCC_541\Debug\Digital_Dimmer.a(isrTimer.o)
                0x000012a0                isrTimer_Stop
 .text.Dimmer_Write
                0x000012b4       0x18 .\CortexM0\ARM_GCC_541\Debug\Digital_Dimmer.a(Dimmer.o)
                0x000012b4                Dimmer_Write
 .text.isrCross_SetVector
                0x000012cc        0xc .\CortexM0\ARM_GCC_541\Debug\Digital_Dimmer.a(isrCross.o)
                0x000012cc                isrCross_SetVector
 .text.isrCross_SetPriority
                0x000012d8       0x20 .\CortexM0\ARM_GCC_541\Debug\Digital_Dimmer.a(isrCross.o)
                0x000012d8                isrCross_SetPriority
 .text.isrCross_Enable
                0x000012f8        0xc .\CortexM0\ARM_GCC_541\Debug\Digital_Dimmer.a(isrCross.o)
                0x000012f8                isrCross_Enable
 .text.isrCross_Disable
                0x00001304        0xc .\CortexM0\ARM_GCC_541\Debug\Digital_Dimmer.a(isrCross.o)
                0x00001304                isrCross_Disable
 .text.isrCross_StartEx
                0x00001310       0x1c .\CortexM0\ARM_GCC_541\Debug\Digital_Dimmer.a(isrCross.o)
                0x00001310                isrCross_StartEx
 *fill*         0x0000132c        0x4 
 .text          0x00001330       0x20 .\CortexM0\ARM_GCC_541\Debug\Digital_Dimmer.a(CyBootAsmGnu.o)
                0x00001330                CyDelayCycles
                0x00001342                CyEnterCriticalSection
                0x0000134a                CyExitCriticalSection
 .text.CySysFlashSetWaitCycles
                0x00001350       0x54 .\CortexM0\ARM_GCC_541\Debug\Digital_Dimmer.a(CyFlash.o)
                0x00001350                CySysFlashSetWaitCycles
 .text          0x000013a4      0x114 c:/program files (x86)/cypress/psoc creator/4.2/psoc creator/import/gnu/arm/5.4.1/bin/../lib/gcc/arm-none-eabi/5.4.1/armv6-m\libgcc.a(_udivsi3.o)
                0x000013a4                __aeabi_uidiv
                0x000013a4                __udivsi3
                0x000014b0                __aeabi_uidivmod
 .text          0x000014b8        0x4 c:/program files (x86)/cypress/psoc creator/4.2/psoc creator/import/gnu/arm/5.4.1/bin/../lib/gcc/arm-none-eabi/5.4.1/armv6-m\libgcc.a(_dvmd_tls.o)
                0x000014b8                __aeabi_idiv0
                0x000014b8                __aeabi_ldiv0
 .text.__errno  0x000014bc        0xc c:/program files (x86)/cypress/psoc creator/4.2/psoc creator/import/gnu/arm/5.4.1/bin/../lib/gcc/arm-none-eabi/5.4.1/../../../../arm-none-eabi/lib/armv6-m\libg_nano.a(lib_a-errno.o)
                0x000014bc                __errno
 .text.__libc_init_array
                0x000014c8       0x4c c:/program files (x86)/cypress/psoc creator/4.2/psoc creator/import/gnu/arm/5.4.1/bin/../lib/gcc/arm-none-eabi/5.4.1/../../../../arm-none-eabi/lib/armv6-m\libg_nano.a(lib_a-init.o)
                0x000014c8                __libc_init_array
 .text.memset   0x00001514       0x10 c:/program files (x86)/cypress/psoc creator/4.2/psoc creator/import/gnu/arm/5.4.1/bin/../lib/gcc/arm-none-eabi/5.4.1/../../../../arm-none-eabi/lib/armv6-m\libg_nano.a(lib_a-memset.o)
                0x00001514                memset
 *(.plt)
 *(.gnu.warning)
 *(.glue_7t)
 .glue_7t       0x00001524        0x0 linker stubs
 *(.glue_7)
 .glue_7        0x00001524        0x0 linker stubs
 *(.vfp11_veneer)
 .vfp11_veneer  0x00001524        0x0 linker stubs
 *(.bootloader)
 *(.ARM.extab* .gnu.linkonce.armextab.*)
 *(.gcc_except_table)

.v4_bx          0x00001524        0x0
 .v4_bx         0x00001524        0x0 linker stubs

.iplt           0x00001524        0x0
 .iplt          0x00001524        0x0 c:/program files (x86)/cypress/psoc creator/4.2/psoc creator/import/gnu/arm/5.4.1/bin/../lib/gcc/arm-none-eabi/5.4.1/armv6-m/crtbegin.o

.eh_frame_hdr
 *(.eh_frame_hdr)

.eh_frame       0x00001524        0x4
 *(.eh_frame)
 .eh_frame      0x00001524        0x0 c:/program files (x86)/cypress/psoc creator/4.2/psoc creator/import/gnu/arm/5.4.1/bin/../lib/gcc/arm-none-eabi/5.4.1/armv6-m/crtbegin.o
 .eh_frame      0x00001524        0x4 c:/program files (x86)/cypress/psoc creator/4.2/psoc creator/import/gnu/arm/5.4.1/bin/../lib/gcc/arm-none-eabi/5.4.1/armv6-m/crtend.o
                [!provide]                PROVIDE (__exidx_start, .)

.ARM.exidx
 *(.ARM.exidx* .gnu.linkonce.armexidx.*)
                0x00001528                __exidx_end = .

.rodata         0x00001528      0x268
 *(.rodata .rodata.* .gnu.linkonce.r.*)
 .rodata.str1.4
                0x00001528       0xc0 .\CortexM0\ARM_GCC_541\Debug\main.o
                                 0xc2 (size before relaxing)
 .rodata        0x000015e8      0x128 .\CortexM0\ARM_GCC_541\Debug\cyfitter_cfg.o
 .rodata        0x00001710       0x47 .\CortexM0\ARM_GCC_541\Debug\Digital_Dimmer.a(CyLib.o)
                0x00001710                cyImoFreqMhz2Reg
                0x00001740                cyImoFreqMhz2DpllOffset
 .rodata.str1.1
                0x00001757        0x2 c:/program files (x86)/cypress/psoc creator/4.2/psoc creator/import/gnu/arm/5.4.1/bin/../lib/gcc/arm-none-eabi/5.4.1/../../../../arm-none-eabi/lib/armv6-m\libg_nano.a(lib_a-impure.o)
                0x0000175c                . = ALIGN (0x4)
 *fill*         0x00001759        0x3 
 *(.init)
 .init          0x0000175c        0x4 c:/program files (x86)/cypress/psoc creator/4.2/psoc creator/import/gnu/arm/5.4.1/bin/../lib/gcc/arm-none-eabi/5.4.1/armv6-m/crti.o
                0x0000175c                _init
 .init          0x00001760        0x8 c:/program files (x86)/cypress/psoc creator/4.2/psoc creator/import/gnu/arm/5.4.1/bin/../lib/gcc/arm-none-eabi/5.4.1/armv6-m/crtn.o
                0x00001768                . = ALIGN (0x4)
                0x00001768                __preinit_array_start = .
 *(.preinit_array)
                0x00001768                __preinit_array_end = .
                0x00001768                . = ALIGN (0x4)
                0x00001768                __init_array_start = .
 *(SORT(.init_array.*))
 *(.init_array)
 .init_array    0x00001768        0x4 c:/program files (x86)/cypress/psoc creator/4.2/psoc creator/import/gnu/arm/5.4.1/bin/../lib/gcc/arm-none-eabi/5.4.1/armv6-m/crtbegin.o
 .init_array    0x0000176c        0x4 .\CortexM0\ARM_GCC_541\Debug\Cm0Start.o
                0x00001770                __init_array_end = .
                0x00001770                . = ALIGN (0x4)
 *(.fini)
 .fini          0x00001770        0x4 c:/program files (x86)/cypress/psoc creator/4.2/psoc creator/import/gnu/arm/5.4.1/bin/../lib/gcc/arm-none-eabi/5.4.1/armv6-m/crti.o
                0x00001770                _fini
 .fini          0x00001774        0x8 c:/program files (x86)/cypress/psoc creator/4.2/psoc creator/import/gnu/arm/5.4.1/bin/../lib/gcc/arm-none-eabi/5.4.1/armv6-m/crtn.o
                0x0000177c                . = ALIGN (0x4)
                0x0000177c                __fini_array_start = .
 *(.fini_array)
 .fini_array    0x0000177c        0x4 c:/program files (x86)/cypress/psoc creator/4.2/psoc creator/import/gnu/arm/5.4.1/bin/../lib/gcc/arm-none-eabi/5.4.1/armv6-m/crtbegin.o
 *(SORT(.fini_array.*))
                0x00001780                __fini_array_end = .
                0x00001780                . = ALIGN (0x4)
 *crtbegin.o(.ctors)
 *(EXCLUDE_FILE(*crtend.o) .ctors)
 *(SORT(.ctors.*))
 *crtend.o(.ctors)
                0x00001780                . = ALIGN (0x4)
 *crtbegin.o(.dtors)
 *(EXCLUDE_FILE(*crtend.o) .dtors)
 *(SORT(.dtors.*))
 *crtend.o(.dtors)
                0x00001780                . = ALIGN (0x4)
                0x00001780                __cy_regions = .
                0x00001780        0x4 LONG 0x1790 __cy_region_init_ram
                0x00001784        0x4 LONG 0x200000c0 __cy_region_start_data
                0x00001788        0x4 LONG 0x88 __cy_region_init_size_ram
                0x0000178c        0x4 LONG 0x58 __cy_region_zero_size_ram
                0x00001790                __cy_regions_end = .
                0x00001790                . = ALIGN (0x8)
                0x00001790                _etext = .

.cy_checksum_exclude
                0x00001790        0x0
 *(.cy_checksum_exclude)

.ramvectors     0x20000000       0xc0
                0x20000000                __cy_region_start_ram = .
 *(.ramvectors)
 .ramvectors    0x20000000       0xc0 .\CortexM0\ARM_GCC_541\Debug\Cm0Start.o
                0x20000000                CyRamVectors

.noinit
 *(.noinit)

.data           0x200000c0       0x88 load address 0x00001790
                0x200000c0                __cy_region_start_data = .
 *(.jcr)
 .jcr           0x200000c0        0x0 c:/program files (x86)/cypress/psoc creator/4.2/psoc creator/import/gnu/arm/5.4.1/bin/../lib/gcc/arm-none-eabi/5.4.1/armv6-m/crtbegin.o
 .jcr           0x200000c0        0x4 c:/program files (x86)/cypress/psoc creator/4.2/psoc creator/import/gnu/arm/5.4.1/bin/../lib/gcc/arm-none-eabi/5.4.1/armv6-m/crtend.o
 *(.got.plt)
 *(.got)
 *(.shdata)
 *(.data .data.* .gnu.linkonce.d.*)
 .data          0x200000c4       0x14 .\CortexM0\ARM_GCC_541\Debug\Digital_Dimmer.a(CyLib.o)
                0x200000c4                CySysClkPumpConfig
                0x200000c8                cydelay32kMs
                0x200000cc                cydelayFreqKhz
                0x200000d0                cydelayFreqMhz
                0x200000d4                cydelayFreqHz
 .data          0x200000d8        0x8 .\CortexM0\ARM_GCC_541\Debug\Digital_Dimmer.a(CyLFClk.o)
 .data.impure_data
                0x200000e0       0x60 c:/program files (x86)/cypress/psoc creator/4.2/psoc creator/import/gnu/arm/5.4.1/bin/../lib/gcc/arm-none-eabi/5.4.1/../../../../arm-none-eabi/lib/armv6-m\libg_nano.a(lib_a-impure.o)
 .data._impure_ptr
                0x20000140        0x4 c:/program files (x86)/cypress/psoc creator/4.2/psoc creator/import/gnu/arm/5.4.1/bin/../lib/gcc/arm-none-eabi/5.4.1/../../../../arm-none-eabi/lib/armv6-m\libg_nano.a(lib_a-impure.o)
                0x20000140                _impure_ptr
                0x20000148                . = ALIGN (0x8)
 *fill*         0x20000144        0x4 
 *(.ram)
                0x20000148                _edata = .

.igot.plt       0x20000148        0x0 load address 0x00001818
 .igot.plt      0x20000148        0x0 c:/program files (x86)/cypress/psoc creator/4.2/psoc creator/import/gnu/arm/5.4.1/bin/../lib/gcc/arm-none-eabi/5.4.1/armv6-m/crtbegin.o

.bss            0x20000148       0x58 load address 0x00001818
                0x20000148                PROVIDE (__bss_start__, .)
 *(.shbss)
 *(.bss .bss.* .gnu.linkonce.b.*)
 .bss           0x20000148       0x1c c:/program files (x86)/cypress/psoc creator/4.2/psoc creator/import/gnu/arm/5.4.1/bin/../lib/gcc/arm-none-eabi/5.4.1/armv6-m/crtbegin.o
 .bss           0x20000164        0x4 .\CortexM0\ARM_GCC_541\Debug\main.o
                0x20000164                count
                0x20000166                countSeg
 .bss           0x20000168        0x2 .\CortexM0\ARM_GCC_541\Debug\Digital_Dimmer.a(LCD.o)
                0x20000168                LCD_enableState
                0x20000169                LCD_initVar
 *fill*         0x2000016a        0x2 
 .bss           0x2000016c       0x28 .\CortexM0\ARM_GCC_541\Debug\Digital_Dimmer.a(CyLFClk.o)
 .bss           0x20000194        0x1 .\CortexM0\ARM_GCC_541\Debug\Digital_Dimmer.a(Timer.o)
                0x20000194                Timer_initVar
 *fill*         0x20000195        0x3 
 .bss           0x20000198        0x6 .\CortexM0\ARM_GCC_541\Debug\Digital_Dimmer.a(Timer_PM.o)
 *(COMMON)
                0x200001a0                . = ALIGN (0x8)
 *fill*         0x2000019e        0x2 
 *(.ram.b)
                0x200001a0                _end = .
                0x200001a0                __end = .
                0x200001a0                PROVIDE (end, .)
                0x200001a0                PROVIDE (__bss_end__, .)
                0x00001790                __cy_region_init_ram = LOADADDR (.data)
                0x00000088                __cy_region_init_size_ram = (_edata - ADDR (.data))
                0x00000058                __cy_region_zero_size_ram = (_end - _edata)

.heap           0x200001a0       0x80 load address 0x00001818
                0x200001a0                . = _end
                0x20000220                . = (. + 0x80)
 *fill*         0x200001a0       0x80 
                0x20000220                __cy_heap_limit = .

.stack          0x20003800      0x800
                0x20003800                __cy_stack_limit = .
                0x20004000                . = (. + 0x800)
 *fill*         0x20003800      0x800 
                0x00000001                ASSERT ((__cy_stack_limit >= __cy_heap_limit), region RAM overflowed with stack)
                0x00000000                cy_checksum_exclude_size = (CY_APPL_LOADABLE == 0x1)?SIZEOF (.cy_checksum_exclude):0x0
                0x00000001                ASSERT ((cy_checksum_exclude_size <= CY_CHECKSUM_EXCLUDE_SIZE), CY_BOOT: Section .cy_checksum_exclude size exceedes specified limit.)
                0x0001ffc0                cyloadermeta_start = (cy_project_type_bootloader || cy_project_type_app_for_stack_and_copier)?(LENGTH (rom) - CY_METADATA_SIZE):0xf0000000

.cyloadermeta
 *(.cyloadermeta)
                0x0001ffc0                cyloadablemeta_start = cy_project_type_app_for_stack_and_copier?((LENGTH (rom) - CY_FLASH_ROW_SIZE) - CY_METADATA_SIZE):((LENGTH (rom) - (CY_FLASH_ROW_SIZE * (CY_APPL_NUM - 0x1))) - CY_METADATA_SIZE)

.cyloadablemeta
 *(.cyloadablemeta)

.cyflashprotect
                0x90400000       0x80
 *(.cyflashprotect)
 .cyflashprotect
                0x90400000       0x80 .\CortexM0\ARM_GCC_541\Debug\cymetadata.o
                0x90400000                cy_meta_flashprotect

.cymeta         0x90500000        0xc
 *(.cymeta)
 .cymeta        0x90500000        0xc .\CortexM0\ARM_GCC_541\Debug\cymetadata.o
                0x90500000                cy_metadata

.cychipprotect  0x90600000        0x1
 *(.cychipprotect)
 .cychipprotect
                0x90600000        0x1 .\CortexM0\ARM_GCC_541\Debug\cymetadata.o
                0x90600000                cy_meta_chipprotect

.rel.dyn        0x00001818        0x0 load address 0x90600004
 .rel.iplt      0x00001818        0x0 c:/program files (x86)/cypress/psoc creator/4.2/psoc creator/import/gnu/arm/5.4.1/bin/../lib/gcc/arm-none-eabi/5.4.1/armv6-m/crtbegin.o

.stab
 *(.stab)

.stabstr
 *(.stabstr)

.debug
 *(.debug)

.line
 *(.line)

.debug_srcinfo
 *(.debug_srcinfo)

.debug_sfnames
 *(.debug_sfnames)

.debug_aranges  0x00000000      0x7c0
 *(.debug_aranges)
 .debug_aranges
                0x00000000       0x60 .\CortexM0\ARM_GCC_541\Debug\main.o
 .debug_aranges
                0x00000060       0x40 .\CortexM0\ARM_GCC_541\Debug\cyfitter_cfg.o
 .debug_aranges
                0x000000a0       0x18 .\CortexM0\ARM_GCC_541\Debug\cymetadata.o
 .debug_aranges
                0x000000b8       0x48 .\CortexM0\ARM_GCC_541\Debug\Cm0Start.o
 .debug_aranges
                0x00000100       0x98 .\CortexM0\ARM_GCC_541\Debug\Digital_Dimmer.a(LCD.o)
 .debug_aranges
                0x00000198      0x1c8 .\CortexM0\ARM_GCC_541\Debug\Digital_Dimmer.a(CyLib.o)
 .debug_aranges
                0x00000360      0x188 .\CortexM0\ARM_GCC_541\Debug\Digital_Dimmer.a(CyLFClk.o)
 .debug_aranges
                0x000004e8       0x28 .\CortexM0\ARM_GCC_541\Debug\Digital_Dimmer.a(Control.o)
 .debug_aranges
                0x00000510       0x40 .\CortexM0\ARM_GCC_541\Debug\Digital_Dimmer.a(Status.o)
 .debug_aranges
                0x00000550       0x90 .\CortexM0\ARM_GCC_541\Debug\Digital_Dimmer.a(Timer.o)
 .debug_aranges
                0x000005e0       0x38 .\CortexM0\ARM_GCC_541\Debug\Digital_Dimmer.a(Timer_PM.o)
 .debug_aranges
                0x00000618       0x80 .\CortexM0\ARM_GCC_541\Debug\Digital_Dimmer.a(isrTimer.o)
 .debug_aranges
                0x00000698       0x48 .\CortexM0\ARM_GCC_541\Debug\Digital_Dimmer.a(Dimmer.o)
 .debug_aranges
                0x000006e0       0x80 .\CortexM0\ARM_GCC_541\Debug\Digital_Dimmer.a(isrCross.o)
 .debug_aranges
                0x00000760       0x20 .\CortexM0\ARM_GCC_541\Debug\Digital_Dimmer.a(CyBootAsmGnu.o)
 .debug_aranges
                0x00000780       0x40 .\CortexM0\ARM_GCC_541\Debug\Digital_Dimmer.a(CyFlash.o)

.debug_pubnames
 *(.debug_pubnames)

.debug_info     0x00000000     0x4d27
 *(.debug_info .gnu.linkonce.wi.*)
 .debug_info    0x00000000      0xd67 .\CortexM0\ARM_GCC_541\Debug\main.o
 .debug_info    0x00000d67      0x3bc .\CortexM0\ARM_GCC_541\Debug\cyfitter_cfg.o
 .debug_info    0x00001123       0xf8 .\CortexM0\ARM_GCC_541\Debug\cymetadata.o
 .debug_info    0x0000121b      0x3a2 .\CortexM0\ARM_GCC_541\Debug\Cm0Start.o
 .debug_info    0x000015bd      0x721 .\CortexM0\ARM_GCC_541\Debug\Digital_Dimmer.a(LCD.o)
 .debug_info    0x00001cde      0xd2f .\CortexM0\ARM_GCC_541\Debug\Digital_Dimmer.a(CyLib.o)
 .debug_info    0x00002a0d     0x1058 .\CortexM0\ARM_GCC_541\Debug\Digital_Dimmer.a(CyLFClk.o)
 .debug_info    0x00003a65       0xd6 .\CortexM0\ARM_GCC_541\Debug\Digital_Dimmer.a(Control.o)
 .debug_info    0x00003b3b      0x17f .\CortexM0\ARM_GCC_541\Debug\Digital_Dimmer.a(Status.o)
 .debug_info    0x00003cba      0x2ee .\CortexM0\ARM_GCC_541\Debug\Digital_Dimmer.a(Timer.o)
 .debug_info    0x00003fa8      0x1ef .\CortexM0\ARM_GCC_541\Debug\Digital_Dimmer.a(Timer_PM.o)
 .debug_info    0x00004197      0x305 .\CortexM0\ARM_GCC_541\Debug\Digital_Dimmer.a(isrTimer.o)
 .debug_info    0x0000449c      0x19b .\CortexM0\ARM_GCC_541\Debug\Digital_Dimmer.a(Dimmer.o)
 .debug_info    0x00004637      0x305 .\CortexM0\ARM_GCC_541\Debug\Digital_Dimmer.a(isrCross.o)
 .debug_info    0x0000493c       0x9b .\CortexM0\ARM_GCC_541\Debug\Digital_Dimmer.a(CyBootAsmGnu.o)
 .debug_info    0x000049d7      0x350 .\CortexM0\ARM_GCC_541\Debug\Digital_Dimmer.a(CyFlash.o)

.debug_abbrev   0x00000000     0x145f
 *(.debug_abbrev)
 .debug_abbrev  0x00000000      0x215 .\CortexM0\ARM_GCC_541\Debug\main.o
 .debug_abbrev  0x00000215      0x1af .\CortexM0\ARM_GCC_541\Debug\cyfitter_cfg.o
 .debug_abbrev  0x000003c4       0x5d .\CortexM0\ARM_GCC_541\Debug\cymetadata.o
 .debug_abbrev  0x00000421      0x1d7 .\CortexM0\ARM_GCC_541\Debug\Cm0Start.o
 .debug_abbrev  0x000005f8      0x171 .\CortexM0\ARM_GCC_541\Debug\Digital_Dimmer.a(LCD.o)
 .debug_abbrev  0x00000769      0x218 .\CortexM0\ARM_GCC_541\Debug\Digital_Dimmer.a(CyLib.o)
 .debug_abbrev  0x00000981      0x248 .\CortexM0\ARM_GCC_541\Debug\Digital_Dimmer.a(CyLFClk.o)
 .debug_abbrev  0x00000bc9       0x81 .\CortexM0\ARM_GCC_541\Debug\Digital_Dimmer.a(Control.o)
 .debug_abbrev  0x00000c4a       0xac .\CortexM0\ARM_GCC_541\Debug\Digital_Dimmer.a(Status.o)
 .debug_abbrev  0x00000cf6      0x12b .\CortexM0\ARM_GCC_541\Debug\Digital_Dimmer.a(Timer.o)
 .debug_abbrev  0x00000e21       0xac .\CortexM0\ARM_GCC_541\Debug\Digital_Dimmer.a(Timer_PM.o)
 .debug_abbrev  0x00000ecd      0x19a .\CortexM0\ARM_GCC_541\Debug\Digital_Dimmer.a(isrTimer.o)
 .debug_abbrev  0x00001067       0xc8 .\CortexM0\ARM_GCC_541\Debug\Digital_Dimmer.a(Dimmer.o)
 .debug_abbrev  0x0000112f      0x19a .\CortexM0\ARM_GCC_541\Debug\Digital_Dimmer.a(isrCross.o)
 .debug_abbrev  0x000012c9       0x14 .\CortexM0\ARM_GCC_541\Debug\Digital_Dimmer.a(CyBootAsmGnu.o)
 .debug_abbrev  0x000012dd      0x182 .\CortexM0\ARM_GCC_541\Debug\Digital_Dimmer.a(CyFlash.o)

.debug_line     0x00000000     0x1d06
 *(.debug_line)
 .debug_line    0x00000000      0x28e .\CortexM0\ARM_GCC_541\Debug\main.o
 .debug_line    0x0000028e      0x180 .\CortexM0\ARM_GCC_541\Debug\cyfitter_cfg.o
 .debug_line    0x0000040e      0x141 .\CortexM0\ARM_GCC_541\Debug\cymetadata.o
 .debug_line    0x0000054f      0x236 .\CortexM0\ARM_GCC_541\Debug\Cm0Start.o
 .debug_line    0x00000785      0x1e6 .\CortexM0\ARM_GCC_541\Debug\Digital_Dimmer.a(LCD.o)
 .debug_line    0x0000096b      0x545 .\CortexM0\ARM_GCC_541\Debug\Digital_Dimmer.a(CyLib.o)
 .debug_line    0x00000eb0      0x5d1 .\CortexM0\ARM_GCC_541\Debug\Digital_Dimmer.a(CyLFClk.o)
 .debug_line    0x00001481       0x70 .\CortexM0\ARM_GCC_541\Debug\Digital_Dimmer.a(Control.o)
 .debug_line    0x000014f1       0xb5 .\CortexM0\ARM_GCC_541\Debug\Digital_Dimmer.a(Status.o)
 .debug_line    0x000015a6      0x179 .\CortexM0\ARM_GCC_541\Debug\Digital_Dimmer.a(Timer.o)
 .debug_line    0x0000171f       0xab .\CortexM0\ARM_GCC_541\Debug\Digital_Dimmer.a(Timer_PM.o)
 .debug_line    0x000017ca      0x154 .\CortexM0\ARM_GCC_541\Debug\Digital_Dimmer.a(isrTimer.o)
 .debug_line    0x0000191e       0xbd .\CortexM0\ARM_GCC_541\Debug\Digital_Dimmer.a(Dimmer.o)
 .debug_line    0x000019db      0x150 .\CortexM0\ARM_GCC_541\Debug\Digital_Dimmer.a(isrCross.o)
 .debug_line    0x00001b2b       0x68 .\CortexM0\ARM_GCC_541\Debug\Digital_Dimmer.a(CyBootAsmGnu.o)
 .debug_line    0x00001b93      0x173 .\CortexM0\ARM_GCC_541\Debug\Digital_Dimmer.a(CyFlash.o)

.debug_frame    0x00000000     0x1404
 *(.debug_frame)
 .debug_frame   0x00000000      0x12c .\CortexM0\ARM_GCC_541\Debug\main.o
 .debug_frame   0x0000012c       0x98 .\CortexM0\ARM_GCC_541\Debug\cyfitter_cfg.o
 .debug_frame   0x000001c4       0xbc .\CortexM0\ARM_GCC_541\Debug\Cm0Start.o
 .debug_frame   0x00000280      0x1f0 .\CortexM0\ARM_GCC_541\Debug\Digital_Dimmer.a(LCD.o)
 .debug_frame   0x00000470      0x488 .\CortexM0\ARM_GCC_541\Debug\Digital_Dimmer.a(CyLib.o)
 .debug_frame   0x000008f8      0x4a4 .\CortexM0\ARM_GCC_541\Debug\Digital_Dimmer.a(CyLFClk.o)
 .debug_frame   0x00000d9c       0x30 .\CortexM0\ARM_GCC_541\Debug\Digital_Dimmer.a(Control.o)
 .debug_frame   0x00000dcc       0x78 .\CortexM0\ARM_GCC_541\Debug\Digital_Dimmer.a(Status.o)
 .debug_frame   0x00000e44      0x124 .\CortexM0\ARM_GCC_541\Debug\Digital_Dimmer.a(Timer.o)
 .debug_frame   0x00000f68       0x80 .\CortexM0\ARM_GCC_541\Debug\Digital_Dimmer.a(Timer_PM.o)
 .debug_frame   0x00000fe8      0x110 .\CortexM0\ARM_GCC_541\Debug\Digital_Dimmer.a(isrTimer.o)
 .debug_frame   0x000010f8       0x70 .\CortexM0\ARM_GCC_541\Debug\Digital_Dimmer.a(Dimmer.o)
 .debug_frame   0x00001168      0x110 .\CortexM0\ARM_GCC_541\Debug\Digital_Dimmer.a(isrCross.o)
 .debug_frame   0x00001278       0x90 .\CortexM0\ARM_GCC_541\Debug\Digital_Dimmer.a(CyFlash.o)
 .debug_frame   0x00001308       0x20 c:/program files (x86)/cypress/psoc creator/4.2/psoc creator/import/gnu/arm/5.4.1/bin/../lib/gcc/arm-none-eabi/5.4.1/armv6-m\libgcc.a(_udivsi3.o)
 .debug_frame   0x00001328       0x20 c:/program files (x86)/cypress/psoc creator/4.2/psoc creator/import/gnu/arm/5.4.1/bin/../lib/gcc/arm-none-eabi/5.4.1/armv6-m\libgcc.a(_divsi3.o)
 .debug_frame   0x00001348       0x20 c:/program files (x86)/cypress/psoc creator/4.2/psoc creator/import/gnu/arm/5.4.1/bin/../lib/gcc/arm-none-eabi/5.4.1/../../../../arm-none-eabi/lib/armv6-m\libg_nano.a(lib_a-errno.o)
 .debug_frame   0x00001368       0x28 c:/program files (x86)/cypress/psoc creator/4.2/psoc creator/import/gnu/arm/5.4.1/bin/../lib/gcc/arm-none-eabi/5.4.1/../../../../arm-none-eabi/lib/armv6-m\libg_nano.a(lib_a-exit.o)
 .debug_frame   0x00001390       0x2c c:/program files (x86)/cypress/psoc creator/4.2/psoc creator/import/gnu/arm/5.4.1/bin/../lib/gcc/arm-none-eabi/5.4.1/../../../../arm-none-eabi/lib/armv6-m\libg_nano.a(lib_a-init.o)
 .debug_frame   0x000013bc       0x28 c:/program files (x86)/cypress/psoc creator/4.2/psoc creator/import/gnu/arm/5.4.1/bin/../lib/gcc/arm-none-eabi/5.4.1/../../../../arm-none-eabi/lib/armv6-m\libg_nano.a(lib_a-memcpy-stub.o)
 .debug_frame   0x000013e4       0x20 c:/program files (x86)/cypress/psoc creator/4.2/psoc creator/import/gnu/arm/5.4.1/bin/../lib/gcc/arm-none-eabi/5.4.1/../../../../arm-none-eabi/lib/armv6-m\libg_nano.a(lib_a-memset.o)

.debug_str      0x00000000     0x19ad
 *(.debug_str)
 .debug_str     0x00000000      0x2e3 .\CortexM0\ARM_GCC_541\Debug\main.o
                                0x33a (size before relaxing)
 .debug_str     0x000002e3      0x12b .\CortexM0\ARM_GCC_541\Debug\cyfitter_cfg.o
                                0x2e1 (size before relaxing)
 .debug_str     0x0000040e       0x63 .\CortexM0\ARM_GCC_541\Debug\cymetadata.o
                                0x1d3 (size before relaxing)
 .debug_str     0x00000471      0x13a .\CortexM0\ARM_GCC_541\Debug\Cm0Start.o
                                0x30c (size before relaxing)
 .debug_str     0x000005ab      0x14a .\CortexM0\ARM_GCC_541\Debug\Digital_Dimmer.a(LCD.o)
                                0x337 (size before relaxing)
 .debug_str     0x000006f5      0x5fb .\CortexM0\ARM_GCC_541\Debug\Digital_Dimmer.a(CyLib.o)
                                0x820 (size before relaxing)
 .debug_str     0x00000cf0      0x6f0 .\CortexM0\ARM_GCC_541\Debug\Digital_Dimmer.a(CyLFClk.o)
                                0x928 (size before relaxing)
 .debug_str     0x000013e0       0x36 .\CortexM0\ARM_GCC_541\Debug\Digital_Dimmer.a(Control.o)
                                0x1c0 (size before relaxing)
 .debug_str     0x00001416       0x70 .\CortexM0\ARM_GCC_541\Debug\Digital_Dimmer.a(Status.o)
                                0x24e (size before relaxing)
 .debug_str     0x00001486      0x155 .\CortexM0\ARM_GCC_541\Debug\Digital_Dimmer.a(Timer.o)
                                0x346 (size before relaxing)
 .debug_str     0x000015db       0xa9 .\CortexM0\ARM_GCC_541\Debug\Digital_Dimmer.a(Timer_PM.o)
                                0x2cc (size before relaxing)
 .debug_str     0x00001684       0xef .\CortexM0\ARM_GCC_541\Debug\Digital_Dimmer.a(isrTimer.o)
                                0x31f (size before relaxing)
 .debug_str     0x00001773       0xa5 .\CortexM0\ARM_GCC_541\Debug\Digital_Dimmer.a(Dimmer.o)
                                0x248 (size before relaxing)
 .debug_str     0x00001818       0xee .\CortexM0\ARM_GCC_541\Debug\Digital_Dimmer.a(isrCross.o)
                                0x31f (size before relaxing)
 .debug_str     0x00001906       0xa7 .\CortexM0\ARM_GCC_541\Debug\Digital_Dimmer.a(CyFlash.o)
                                0x2bb (size before relaxing)

.debug_loc      0x00000000     0x2534
 *(.debug_loc)
 .debug_loc     0x00000000      0x637 .\CortexM0\ARM_GCC_541\Debug\main.o
 .debug_loc     0x00000637      0x118 .\CortexM0\ARM_GCC_541\Debug\cyfitter_cfg.o
 .debug_loc     0x0000074f      0x14f .\CortexM0\ARM_GCC_541\Debug\Cm0Start.o
 .debug_loc     0x0000089e      0x3e3 .\CortexM0\ARM_GCC_541\Debug\Digital_Dimmer.a(LCD.o)
 .debug_loc     0x00000c81      0x7c0 .\CortexM0\ARM_GCC_541\Debug\Digital_Dimmer.a(CyLib.o)
 .debug_loc     0x00001441      0xdb7 .\CortexM0\ARM_GCC_541\Debug\Digital_Dimmer.a(CyLFClk.o)
 .debug_loc     0x000021f8       0x44 .\CortexM0\ARM_GCC_541\Debug\Digital_Dimmer.a(Status.o)
 .debug_loc     0x0000223c       0x13 .\CortexM0\ARM_GCC_541\Debug\Digital_Dimmer.a(Timer.o)
 .debug_loc     0x0000224f       0x82 .\CortexM0\ARM_GCC_541\Debug\Digital_Dimmer.a(isrTimer.o)
 .debug_loc     0x000022d1       0x81 .\CortexM0\ARM_GCC_541\Debug\Digital_Dimmer.a(Dimmer.o)
 .debug_loc     0x00002352       0x82 .\CortexM0\ARM_GCC_541\Debug\Digital_Dimmer.a(isrCross.o)
 .debug_loc     0x000023d4      0x160 .\CortexM0\ARM_GCC_541\Debug\Digital_Dimmer.a(CyFlash.o)

.debug_macinfo
 *(.debug_macinfo)

.debug_ranges   0x00000000      0x6f0
 *(.debug_ranges)
 .debug_ranges  0x00000000       0x98 .\CortexM0\ARM_GCC_541\Debug\main.o
 .debug_ranges  0x00000098       0x30 .\CortexM0\ARM_GCC_541\Debug\cyfitter_cfg.o
 .debug_ranges  0x000000c8       0x38 .\CortexM0\ARM_GCC_541\Debug\Cm0Start.o
 .debug_ranges  0x00000100       0x88 .\CortexM0\ARM_GCC_541\Debug\Digital_Dimmer.a(LCD.o)
 .debug_ranges  0x00000188      0x1b8 .\CortexM0\ARM_GCC_541\Debug\Digital_Dimmer.a(CyLib.o)
 .debug_ranges  0x00000340      0x178 .\CortexM0\ARM_GCC_541\Debug\Digital_Dimmer.a(CyLFClk.o)
 .debug_ranges  0x000004b8       0x18 .\CortexM0\ARM_GCC_541\Debug\Digital_Dimmer.a(Control.o)
 .debug_ranges  0x000004d0       0x30 .\CortexM0\ARM_GCC_541\Debug\Digital_Dimmer.a(Status.o)
 .debug_ranges  0x00000500       0x80 .\CortexM0\ARM_GCC_541\Debug\Digital_Dimmer.a(Timer.o)
 .debug_ranges  0x00000580       0x28 .\CortexM0\ARM_GCC_541\Debug\Digital_Dimmer.a(Timer_PM.o)
 .debug_ranges  0x000005a8       0x70 .\CortexM0\ARM_GCC_541\Debug\Digital_Dimmer.a(isrTimer.o)
 .debug_ranges  0x00000618       0x38 .\CortexM0\ARM_GCC_541\Debug\Digital_Dimmer.a(Dimmer.o)
 .debug_ranges  0x00000650       0x70 .\CortexM0\ARM_GCC_541\Debug\Digital_Dimmer.a(isrCross.o)
 .debug_ranges  0x000006c0       0x30 .\CortexM0\ARM_GCC_541\Debug\Digital_Dimmer.a(CyFlash.o)

.comment        0x00000000       0x6e
 .comment       0x00000000       0x6e .\CortexM0\ARM_GCC_541\Debug\main.o
                                 0x6f (size before relaxing)
 .comment       0x0000006e       0x6f .\CortexM0\ARM_GCC_541\Debug\cyfitter_cfg.o
 .comment       0x0000006e       0x6f .\CortexM0\ARM_GCC_541\Debug\cymetadata.o
 .comment       0x0000006e       0x6f .\CortexM0\ARM_GCC_541\Debug\Cm0Start.o
 .comment       0x0000006e       0x6f .\CortexM0\ARM_GCC_541\Debug\Digital_Dimmer.a(LCD.o)
 .comment       0x0000006e       0x6f .\CortexM0\ARM_GCC_541\Debug\Digital_Dimmer.a(CyLib.o)
 .comment       0x0000006e       0x6f .\CortexM0\ARM_GCC_541\Debug\Digital_Dimmer.a(CyLFClk.o)
 .comment       0x0000006e       0x6f .\CortexM0\ARM_GCC_541\Debug\Digital_Dimmer.a(Control.o)
 .comment       0x0000006e       0x6f .\CortexM0\ARM_GCC_541\Debug\Digital_Dimmer.a(Status.o)
 .comment       0x0000006e       0x6f .\CortexM0\ARM_GCC_541\Debug\Digital_Dimmer.a(Timer.o)
 .comment       0x0000006e       0x6f .\CortexM0\ARM_GCC_541\Debug\Digital_Dimmer.a(Timer_PM.o)
 .comment       0x0000006e       0x6f .\CortexM0\ARM_GCC_541\Debug\Digital_Dimmer.a(isrTimer.o)
 .comment       0x0000006e       0x6f .\CortexM0\ARM_GCC_541\Debug\Digital_Dimmer.a(Dimmer.o)
 .comment       0x0000006e       0x6f .\CortexM0\ARM_GCC_541\Debug\Digital_Dimmer.a(isrCross.o)
 .comment       0x0000006e       0x6f .\CortexM0\ARM_GCC_541\Debug\Digital_Dimmer.a(CyFlash.o)

.debug_weaknames
 *(.debug_weaknames)

.debug_funcnames
 *(.debug_funcnames)

.debug_typenames
 *(.debug_typenames)

.debug_varnames
 *(.debug_varnames)

.note.gnu.arm.ident
 *(.note.gnu.arm.ident)

.ARM.attributes
                0x00000000       0x28
 *(.ARM.attributes)
 .ARM.attributes
                0x00000000       0x1e c:/program files (x86)/cypress/psoc creator/4.2/psoc creator/import/gnu/arm/5.4.1/bin/../lib/gcc/arm-none-eabi/5.4.1/armv6-m/crti.o
 .ARM.attributes
                0x0000001e       0x2c c:/program files (x86)/cypress/psoc creator/4.2/psoc creator/import/gnu/arm/5.4.1/bin/../lib/gcc/arm-none-eabi/5.4.1/armv6-m/crtbegin.o
 .ARM.attributes
                0x0000004a       0x1b c:/program files (x86)/cypress/psoc creator/4.2/psoc creator/import/gnu/arm/5.4.1/bin/../lib/gcc/arm-none-eabi/5.4.1/../../../../arm-none-eabi/lib/armv6-m/crt0.o
 .ARM.attributes
                0x00000065       0x31 .\CortexM0\ARM_GCC_541\Debug\main.o
 .ARM.attributes
                0x00000096       0x31 .\CortexM0\ARM_GCC_541\Debug\cyfitter_cfg.o
 .ARM.attributes
                0x000000c7       0x31 .\CortexM0\ARM_GCC_541\Debug\cymetadata.o
 .ARM.attributes
                0x000000f8       0x31 .\CortexM0\ARM_GCC_541\Debug\Cm0Start.o
 .ARM.attributes
                0x00000129       0x31 .\CortexM0\ARM_GCC_541\Debug\Digital_Dimmer.a(LCD.o)
 .ARM.attributes
                0x0000015a       0x31 .\CortexM0\ARM_GCC_541\Debug\Digital_Dimmer.a(CyLib.o)
 .ARM.attributes
                0x0000018b       0x31 .\CortexM0\ARM_GCC_541\Debug\Digital_Dimmer.a(CyLFClk.o)
 .ARM.attributes
                0x000001bc       0x31 .\CortexM0\ARM_GCC_541\Debug\Digital_Dimmer.a(Control.o)
 .ARM.attributes
                0x000001ed       0x31 .\CortexM0\ARM_GCC_541\Debug\Digital_Dimmer.a(Status.o)
 .ARM.attributes
                0x0000021e       0x31 .\CortexM0\ARM_GCC_541\Debug\Digital_Dimmer.a(Timer.o)
 .ARM.attributes
                0x0000024f       0x31 .\CortexM0\ARM_GCC_541\Debug\Digital_Dimmer.a(Timer_PM.o)
 .ARM.attributes
                0x00000280       0x31 .\CortexM0\ARM_GCC_541\Debug\Digital_Dimmer.a(isrTimer.o)
 .ARM.attributes
                0x000002b1       0x31 .\CortexM0\ARM_GCC_541\Debug\Digital_Dimmer.a(Dimmer.o)
 .ARM.attributes
                0x000002e2       0x31 .\CortexM0\ARM_GCC_541\Debug\Digital_Dimmer.a(isrCross.o)
 .ARM.attributes
                0x00000313       0x21 .\CortexM0\ARM_GCC_541\Debug\Digital_Dimmer.a(CyBootAsmGnu.o)
 .ARM.attributes
                0x00000334       0x31 .\CortexM0\ARM_GCC_541\Debug\Digital_Dimmer.a(CyFlash.o)
 .ARM.attributes
                0x00000365       0x1e c:/program files (x86)/cypress/psoc creator/4.2/psoc creator/import/gnu/arm/5.4.1/bin/../lib/gcc/arm-none-eabi/5.4.1/armv6-m\libgcc.a(_udivsi3.o)
 .ARM.attributes
                0x00000383       0x1e c:/program files (x86)/cypress/psoc creator/4.2/psoc creator/import/gnu/arm/5.4.1/bin/../lib/gcc/arm-none-eabi/5.4.1/armv6-m\libgcc.a(_divsi3.o)
 .ARM.attributes
                0x000003a1       0x1e c:/program files (x86)/cypress/psoc creator/4.2/psoc creator/import/gnu/arm/5.4.1/bin/../lib/gcc/arm-none-eabi/5.4.1/armv6-m\libgcc.a(_dvmd_tls.o)
 .ARM.attributes
                0x000003bf       0x2c c:/program files (x86)/cypress/psoc creator/4.2/psoc creator/import/gnu/arm/5.4.1/bin/../lib/gcc/arm-none-eabi/5.4.1/../../../../arm-none-eabi/lib/armv6-m\libg_nano.a(lib_a-errno.o)
 .ARM.attributes
                0x000003eb       0x2c c:/program files (x86)/cypress/psoc creator/4.2/psoc creator/import/gnu/arm/5.4.1/bin/../lib/gcc/arm-none-eabi/5.4.1/../../../../arm-none-eabi/lib/armv6-m\libg_nano.a(lib_a-exit.o)
 .ARM.attributes
                0x00000417       0x2c c:/program files (x86)/cypress/psoc creator/4.2/psoc creator/import/gnu/arm/5.4.1/bin/../lib/gcc/arm-none-eabi/5.4.1/../../../../arm-none-eabi/lib/armv6-m\libg_nano.a(lib_a-impure.o)
 .ARM.attributes
                0x00000443       0x2c c:/program files (x86)/cypress/psoc creator/4.2/psoc creator/import/gnu/arm/5.4.1/bin/../lib/gcc/arm-none-eabi/5.4.1/../../../../arm-none-eabi/lib/armv6-m\libg_nano.a(lib_a-init.o)
 .ARM.attributes
                0x0000046f       0x2c c:/program files (x86)/cypress/psoc creator/4.2/psoc creator/import/gnu/arm/5.4.1/bin/../lib/gcc/arm-none-eabi/5.4.1/../../../../arm-none-eabi/lib/armv6-m\libg_nano.a(lib_a-memcpy-stub.o)
 .ARM.attributes
                0x0000049b       0x2c c:/program files (x86)/cypress/psoc creator/4.2/psoc creator/import/gnu/arm/5.4.1/bin/../lib/gcc/arm-none-eabi/5.4.1/../../../../arm-none-eabi/lib/armv6-m\libg_nano.a(lib_a-memset.o)
 .ARM.attributes
                0x000004c7       0x2c c:/program files (x86)/cypress/psoc creator/4.2/psoc creator/import/gnu/arm/5.4.1/bin/../lib/gcc/arm-none-eabi/5.4.1/armv6-m/crtend.o
 .ARM.attributes
                0x000004f3       0x1e c:/program files (x86)/cypress/psoc creator/4.2/psoc creator/import/gnu/arm/5.4.1/bin/../lib/gcc/arm-none-eabi/5.4.1/armv6-m/crtn.o

/DISCARD/
 *(.note.GNU-stack)
OUTPUT(D:\Proyectos\3_Embedded Systems\Cypress\CypressProjects\Digital_Dimmer.cydsn\CortexM0\ARM_GCC_541\Debug\Digital_Dimmer.elf elf32-littlearm)
